Jun 30 12:42:44 localhost rsyslogd: [origin software="rsyslogd" swVersion="7.4.7" x-pid="555" x-info="http://www.rsyslog.com"] start
Jun 30 12:42:43 localhost journal: Runtime journal is using 4.0M (max allowed 24.4M, trying to leave 36.6M free of 240.4M available → current limit 24.4M).
Jun 30 12:42:43 localhost journal: Runtime journal is using 4.0M (max allowed 24.4M, trying to leave 36.6M free of 240.4M available → current limit 24.4M).
Jun 30 12:42:43 localhost kernel: Initializing cgroup subsys cpuset
Jun 30 12:42:43 localhost kernel: Initializing cgroup subsys cpu
Jun 30 12:42:43 localhost kernel: Initializing cgroup subsys cpuacct
Jun 30 12:42:43 localhost kernel: Linux version 3.10.0-327.el7.x86_64 (builder@kbuilder.dev.centos.org) (gcc version 4.8.3 20140911 (Red Hat 4.8.3-9) (GCC) ) #1 SMP Thu Nov 19 22:10:57 UTC 2015
Jun 30 12:42:43 localhost kernel: Command line: BOOT_IMAGE=/vmlinuz-3.10.0-327.el7.x86_64 root=/dev/mapper/vg00-lv_root ro crashkernel=auto rd.lvm.lv=vg00/lv_root rhgb quiet LANG=en_US.UTF-8
Jun 30 12:42:43 localhost kernel: e820: BIOS-provided physical RAM map:
Jun 30 12:42:43 localhost kernel: BIOS-e820: [mem 0x0000000000000000-0x000000000009fbff] usable
Jun 30 12:42:43 localhost kernel: BIOS-e820: [mem 0x000000000009fc00-0x000000000009ffff] reserved
Jun 30 12:42:43 localhost kernel: BIOS-e820: [mem 0x00000000000f0000-0x00000000000fffff] reserved
Jun 30 12:42:43 localhost kernel: BIOS-e820: [mem 0x0000000000100000-0x000000001ffdffff] usable
Jun 30 12:42:43 localhost kernel: BIOS-e820: [mem 0x000000001ffe0000-0x000000001fffffff] reserved
Jun 30 12:42:43 localhost kernel: BIOS-e820: [mem 0x00000000feffc000-0x00000000feffffff] reserved
Jun 30 12:42:43 localhost kernel: BIOS-e820: [mem 0x00000000fffc0000-0x00000000ffffffff] reserved
Jun 30 12:42:43 localhost kernel: NX (Execute Disable) protection: active
Jun 30 12:42:43 localhost kernel: SMBIOS 2.8 present.
Jun 30 12:42:43 localhost kernel: Hypervisor detected: KVM
Jun 30 12:42:43 localhost kernel: AGP: No AGP bridge found
Jun 30 12:42:43 localhost kernel: e820: last_pfn = 0x1ffe0 max_arch_pfn = 0x400000000
Jun 30 12:42:43 localhost kernel: PAT not supported by CPU.
Jun 30 12:42:43 localhost kernel: found SMP MP-table at [mem 0x000f6630-0x000f663f] mapped at [ffff8800000f6630]
Jun 30 12:42:43 localhost kernel: init_memory_mapping: [mem 0x00000000-0x000fffff]
Jun 30 12:42:43 localhost kernel: init_memory_mapping: [mem 0x1fc00000-0x1fdfffff]
Jun 30 12:42:43 localhost kernel: init_memory_mapping: [mem 0x1c000000-0x1fbfffff]
Jun 30 12:42:43 localhost kernel: init_memory_mapping: [mem 0x00100000-0x1bffffff]
Jun 30 12:42:43 localhost kernel: init_memory_mapping: [mem 0x1fe00000-0x1ffdffff]
Jun 30 12:42:43 localhost kernel: RAMDISK: [mem 0x1e6c5000-0x1f917fff]
Jun 30 12:42:43 localhost kernel: ACPI: RSDP 00000000000f6450 00014 (v00 BOCHS )
Jun 30 12:42:43 localhost kernel: ACPI: RSDT 000000001ffe16ee 00034 (v01 BOCHS  BXPCRSDT 00000001 BXPC 00000001)
Jun 30 12:42:43 localhost kernel: ACPI: FACP 000000001ffe0c14 00074 (v01 BOCHS  BXPCFACP 00000001 BXPC 00000001)
Jun 30 12:42:43 localhost kernel: ACPI: DSDT 000000001ffe0040 00BD4 (v01 BOCHS  BXPCDSDT 00000001 BXPC 00000001)
Jun 30 12:42:43 localhost kernel: ACPI: FACS 000000001ffe0000 00040
Jun 30 12:42:43 localhost kernel: ACPI: SSDT 000000001ffe0c88 009B6 (v01 BOCHS  BXPCSSDT 00000001 BXPC 00000001)
Jun 30 12:42:43 localhost kernel: ACPI: APIC 000000001ffe163e 00078 (v01 BOCHS  BXPCAPIC 00000001 BXPC 00000001)
Jun 30 12:42:43 localhost kernel: ACPI: HPET 000000001ffe16b6 00038 (v01 BOCHS  BXPCHPET 00000001 BXPC 00000001)
Jun 30 12:42:43 localhost kernel: No NUMA configuration found
Jun 30 12:42:43 localhost kernel: Faking a node at [mem 0x0000000000000000-0x000000001ffdffff]
Jun 30 12:42:43 localhost kernel: Initmem setup node 0 [mem 0x00000000-0x1ffdffff]
Jun 30 12:42:43 localhost kernel:  NODE_DATA [mem 0x1ffb9000-0x1ffdffff]
Jun 30 12:42:43 localhost kernel: kexec: crashkernel=auto resulted in zero bytes of reserved memory.
Jun 30 12:42:43 localhost kernel: kvm-clock: Using msrs 4b564d01 and 4b564d00
Jun 30 12:42:43 localhost kernel: kvm-clock: cpu 0, msr 0:1ff69001, primary cpu clock
Jun 30 12:42:43 localhost kernel: kvm-clock: using sched offset of 226560587041 cycles
Jun 30 12:42:43 localhost kernel: Zone ranges:
Jun 30 12:42:43 localhost kernel:  DMA      [mem 0x00001000-0x00ffffff]
Jun 30 12:42:43 localhost kernel:  DMA32    [mem 0x01000000-0xffffffff]
Jun 30 12:42:43 localhost kernel:  Normal   empty
Jun 30 12:42:43 localhost kernel: Movable zone start for each node
Jun 30 12:42:43 localhost kernel: Early memory node ranges
Jun 30 12:42:43 localhost kernel:  node   0: [mem 0x00001000-0x0009efff]
Jun 30 12:42:43 localhost kernel:  node   0: [mem 0x00100000-0x1ffdffff]
Jun 30 12:42:43 localhost kernel: ACPI: PM-Timer IO Port: 0x608
Jun 30 12:42:43 localhost kernel: ACPI: LAPIC (acpi_id[0x00] lapic_id[0x00] enabled)
Jun 30 12:42:43 localhost kernel: ACPI: LAPIC_NMI (acpi_id[0xff] dfl dfl lint[0x1])
Jun 30 12:42:43 localhost kernel: ACPI: IOAPIC (id[0x00] address[0xfec00000] gsi_base[0])
Jun 30 12:42:43 localhost kernel: IOAPIC[0]: apic_id 0, version 17, address 0xfec00000, GSI 0-23
Jun 30 12:42:43 localhost kernel: ACPI: INT_SRC_OVR (bus 0 bus_irq 0 global_irq 2 dfl dfl)
Jun 30 12:42:43 localhost kernel: ACPI: INT_SRC_OVR (bus 0 bus_irq 5 global_irq 5 high level)
Jun 30 12:42:43 localhost kernel: ACPI: INT_SRC_OVR (bus 0 bus_irq 9 global_irq 9 high level)
Jun 30 12:42:43 localhost kernel: ACPI: INT_SRC_OVR (bus 0 bus_irq 10 global_irq 10 high level)
Jun 30 12:42:43 localhost kernel: ACPI: INT_SRC_OVR (bus 0 bus_irq 11 global_irq 11 high level)
Jun 30 12:42:43 localhost kernel: Using ACPI (MADT) for SMP configuration information
Jun 30 12:42:43 localhost kernel: ACPI: HPET id: 0x8086a201 base: 0xfed00000
Jun 30 12:42:43 localhost kernel: smpboot: Allowing 1 CPUs, 0 hotplug CPUs
Jun 30 12:42:43 localhost kernel: PM: Registered nosave memory: [mem 0x0009f000-0x0009ffff]
Jun 30 12:42:43 localhost kernel: PM: Registered nosave memory: [mem 0x000a0000-0x000effff]
Jun 30 12:42:43 localhost kernel: PM: Registered nosave memory: [mem 0x000f0000-0x000fffff]
Jun 30 12:42:43 localhost kernel: e820: [mem 0x20000000-0xfeffbfff] available for PCI devices
Jun 30 12:42:43 localhost kernel: Booting paravirtualized kernel on KVM
Jun 30 12:42:43 localhost kernel: setup_percpu: NR_CPUS:5120 nr_cpumask_bits:1 nr_cpu_ids:1 nr_node_ids:1
Jun 30 12:42:43 localhost kernel: PERCPU: Embedded 31 pages/cpu @ffff88001fc00000 s87168 r8192 d31616 u2097152
Jun 30 12:42:43 localhost kernel: KVM setup async PF for cpu 0
Jun 30 12:42:43 localhost kernel: kvm-stealtime: cpu 0, msr 1fc0d240
Jun 30 12:42:43 localhost kernel: Built 1 zonelists in Node order, mobility grouping on.  Total pages: 128873
Jun 30 12:42:43 localhost kernel: Policy zone: DMA32
Jun 30 12:42:43 localhost kernel: Kernel command line: BOOT_IMAGE=/vmlinuz-3.10.0-327.el7.x86_64 root=/dev/mapper/vg00-lv_root ro crashkernel=auto rd.lvm.lv=vg00/lv_root rhgb quiet LANG=en_US.UTF-8
Jun 30 12:42:43 localhost kernel: PID hash table entries: 2048 (order: 2, 16384 bytes)
Jun 30 12:42:43 localhost kernel: AGP: Checking aperture...
Jun 30 12:42:43 localhost kernel: AGP: No AGP bridge found
Jun 30 12:42:43 localhost kernel: Memory: 480304k/524160k available (6440k kernel code, 392k absent, 43464k reserved, 4266k data, 1620k init)
Jun 30 12:42:43 localhost kernel: SLUB: HWalign=64, Order=0-3, MinObjects=0, CPUs=1, Nodes=1
Jun 30 12:42:43 localhost kernel: Hierarchical RCU implementation.
Jun 30 12:42:43 localhost kernel: #011RCU restricting CPUs from NR_CPUS=5120 to nr_cpu_ids=1.
Jun 30 12:42:43 localhost kernel: #011Offload RCU callbacks from all CPUs
Jun 30 12:42:43 localhost kernel: #011Offload RCU callbacks from CPUs: 0.
Jun 30 12:42:43 localhost kernel: NR_IRQS:327936 nr_irqs:256 0
Jun 30 12:42:43 localhost kernel: Console: colour VGA+ 80x25
Jun 30 12:42:43 localhost kernel: console [tty0] enabled
Jun 30 12:42:43 localhost kernel: allocated 2097152 bytes of page_cgroup
Jun 30 12:42:43 localhost kernel: please try 'cgroup_disable=memory' option if you don't want memory cgroups
Jun 30 12:42:43 localhost kernel: tsc: Detected 3192.606 MHz processor
Jun 30 12:42:43 localhost kernel: Calibrating delay loop (skipped) preset value.. 6385.21 BogoMIPS (lpj=3192606)
Jun 30 12:42:43 localhost kernel: pid_max: default: 32768 minimum: 301
Jun 30 12:42:43 localhost kernel: Security Framework initialized
Jun 30 12:42:43 localhost kernel: SELinux:  Initializing.
Jun 30 12:42:43 localhost kernel: Dentry cache hash table entries: 65536 (order: 7, 524288 bytes)
Jun 30 12:42:43 localhost kernel: Inode-cache hash table entries: 32768 (order: 6, 262144 bytes)
Jun 30 12:42:43 localhost kernel: Mount-cache hash table entries: 4096
Jun 30 12:42:43 localhost kernel: Initializing cgroup subsys memory
Jun 30 12:42:43 localhost kernel: Initializing cgroup subsys devices
Jun 30 12:42:43 localhost kernel: Initializing cgroup subsys freezer
Jun 30 12:42:43 localhost kernel: Initializing cgroup subsys net_cls
Jun 30 12:42:43 localhost kernel: Initializing cgroup subsys blkio
Jun 30 12:42:43 localhost kernel: Initializing cgroup subsys perf_event
Jun 30 12:42:43 localhost kernel: Initializing cgroup subsys hugetlb
Jun 30 12:42:43 localhost kernel: mce: CPU supports 10 MCE banks
Jun 30 12:42:43 localhost kernel: Last level iTLB entries: 4KB 0, 2MB 0, 4MB 0#012Last level dTLB entries: 4KB 0, 2MB 0, 4MB 0#012tlb_flushall_shift: 6
Jun 30 12:42:43 localhost kernel: Freeing SMP alternatives: 28k freed
Jun 30 12:42:43 localhost kernel: ACPI: Core revision 20130517
Jun 30 12:42:43 localhost kernel: ACPI: All ACPI Tables successfully acquired
Jun 30 12:42:43 localhost kernel: ftrace: allocating 24585 entries in 97 pages
Jun 30 12:42:43 localhost kernel: Enabling x2apic
Jun 30 12:42:43 localhost kernel: Enabled x2apic
Jun 30 12:42:43 localhost kernel: Switched APIC routing to physical x2apic.
Jun 30 12:42:43 localhost kernel: ..TIMER: vector=0x30 apic1=0 pin1=2 apic2=-1 pin2=-1
Jun 30 12:42:43 localhost kernel: smpboot: CPU0: Intel QEMU Virtual CPU version 2.5+ (fam: 06, model: 06, stepping: 03)
Jun 30 12:42:43 localhost kernel: Performance Events: Broken PMU hardware detected, using software events only.
Jun 30 12:42:43 localhost kernel: Failed to access perfctr msr (MSR c2 is 0)
Jun 30 12:42:43 localhost kernel: Brought up 1 CPUs
Jun 30 12:42:43 localhost kernel: smpboot: Total of 1 processors activated (6385.21 BogoMIPS)
Jun 30 12:42:43 localhost kernel: NMI watchdog: disabled (cpu0): hardware events not enabled
Jun 30 12:42:43 localhost kernel: devtmpfs: initialized
Jun 30 12:42:43 localhost kernel: EVM: security.selinux
Jun 30 12:42:43 localhost kernel: EVM: security.ima
Jun 30 12:42:43 localhost kernel: EVM: security.capability
Jun 30 12:42:43 localhost kernel: atomic64 test passed for x86-64 platform with CX8 and with SSE
Jun 30 12:42:43 localhost kernel: NET: Registered protocol family 16
Jun 30 12:42:43 localhost kernel: ACPI: bus type PCI registered
Jun 30 12:42:43 localhost kernel: acpiphp: ACPI Hot Plug PCI Controller Driver version: 0.5
Jun 30 12:42:43 localhost kernel: PCI: Using configuration type 1 for base access
Jun 30 12:42:43 localhost kernel: ACPI: Added _OSI(Module Device)
Jun 30 12:42:43 localhost kernel: ACPI: Added _OSI(Processor Device)
Jun 30 12:42:43 localhost kernel: ACPI: Added _OSI(3.0 _SCP Extensions)
Jun 30 12:42:43 localhost kernel: ACPI: Added _OSI(Processor Aggregator Device)
Jun 30 12:42:43 localhost kernel: ACPI: Interpreter enabled
Jun 30 12:42:43 localhost kernel: ACPI Exception: AE_NOT_FOUND, While evaluating Sleep State [\_S1_] (20130517/hwxface-571)
Jun 30 12:42:43 localhost kernel: ACPI Exception: AE_NOT_FOUND, While evaluating Sleep State [\_S2_] (20130517/hwxface-571)
Jun 30 12:42:43 localhost kernel: ACPI: (supports S0 S3 S4 S5)
Jun 30 12:42:43 localhost kernel: ACPI: Using IOAPIC for interrupt routing
Jun 30 12:42:43 localhost kernel: PCI: Using host bridge windows from ACPI; if necessary, use "pci=nocrs" and report a bug
Jun 30 12:42:43 localhost kernel: ACPI: PCI Root Bridge [PCI0] (domain 0000 [bus 00-ff])
Jun 30 12:42:43 localhost kernel: acpi PNP0A03:00: _OSC: OS supports [ASPM ClockPM Segments MSI]
Jun 30 12:42:43 localhost kernel: acpi PNP0A03:00: _OSC failed (AE_NOT_FOUND); disabling ASPM
Jun 30 12:42:43 localhost kernel: acpi PNP0A03:00: fail to add MMCONFIG information, can't access extended PCI configuration space under this bridge.
Jun 30 12:42:43 localhost kernel: acpiphp: Slot [3] registered
Jun 30 12:42:43 localhost kernel: acpiphp: Slot [4] registered
Jun 30 12:42:43 localhost kernel: acpiphp: Slot [5] registered
Jun 30 12:42:43 localhost kernel: acpiphp: Slot [6] registered
Jun 30 12:42:43 localhost kernel: acpiphp: Slot [7] registered
Jun 30 12:42:43 localhost kernel: acpiphp: Slot [8] registered
Jun 30 12:42:43 localhost kernel: acpiphp: Slot [9] registered
Jun 30 12:42:43 localhost kernel: acpiphp: Slot [10] registered
Jun 30 12:42:43 localhost kernel: acpiphp: Slot [11] registered
Jun 30 12:42:43 localhost kernel: acpiphp: Slot [12] registered
Jun 30 12:42:43 localhost kernel: acpiphp: Slot [13] registered
Jun 30 12:42:43 localhost kernel: acpiphp: Slot [14] registered
Jun 30 12:42:43 localhost kernel: acpiphp: Slot [15] registered
Jun 30 12:42:43 localhost kernel: acpiphp: Slot [16] registered
Jun 30 12:42:43 localhost kernel: acpiphp: Slot [17] registered
Jun 30 12:42:43 localhost kernel: acpiphp: Slot [18] registered
Jun 30 12:42:43 localhost kernel: acpiphp: Slot [19] registered
Jun 30 12:42:43 localhost kernel: acpiphp: Slot [20] registered
Jun 30 12:42:43 localhost kernel: acpiphp: Slot [21] registered
Jun 30 12:42:43 localhost kernel: acpiphp: Slot [22] registered
Jun 30 12:42:43 localhost kernel: acpiphp: Slot [23] registered
Jun 30 12:42:43 localhost kernel: acpiphp: Slot [24] registered
Jun 30 12:42:43 localhost kernel: acpiphp: Slot [25] registered
Jun 30 12:42:43 localhost kernel: acpiphp: Slot [26] registered
Jun 30 12:42:43 localhost kernel: acpiphp: Slot [27] registered
Jun 30 12:42:43 localhost kernel: acpiphp: Slot [28] registered
Jun 30 12:42:43 localhost kernel: acpiphp: Slot [29] registered
Jun 30 12:42:43 localhost kernel: acpiphp: Slot [30] registered
Jun 30 12:42:43 localhost kernel: acpiphp: Slot [31] registered
Jun 30 12:42:43 localhost kernel: PCI host bridge to bus 0000:00
Jun 30 12:42:43 localhost kernel: pci_bus 0000:00: root bus resource [bus 00-ff]
Jun 30 12:42:43 localhost kernel: pci_bus 0000:00: root bus resource [io  0x0000-0x0cf7]
Jun 30 12:42:43 localhost kernel: pci_bus 0000:00: root bus resource [io  0x0d00-0xffff]
Jun 30 12:42:43 localhost kernel: pci_bus 0000:00: root bus resource [mem 0x000a0000-0x000bffff]
Jun 30 12:42:43 localhost kernel: pci_bus 0000:00: root bus resource [mem 0x20000000-0xfebfffff]
Jun 30 12:42:43 localhost kernel: pci 0000:00:01.1: legacy IDE quirk: reg 0x10: [io  0x01f0-0x01f7]
Jun 30 12:42:43 localhost kernel: pci 0000:00:01.1: legacy IDE quirk: reg 0x14: [io  0x03f6]
Jun 30 12:42:43 localhost kernel: pci 0000:00:01.1: legacy IDE quirk: reg 0x18: [io  0x0170-0x0177]
Jun 30 12:42:43 localhost kernel: pci 0000:00:01.1: legacy IDE quirk: reg 0x1c: [io  0x0376]
Jun 30 12:42:43 localhost kernel: pci 0000:00:01.3: quirk: [io  0x0600-0x063f] claimed by PIIX4 ACPI
Jun 30 12:42:43 localhost kernel: pci 0000:00:01.3: quirk: [io  0x0700-0x070f] claimed by PIIX4 SMB
Jun 30 12:42:43 localhost kernel: ACPI: PCI Interrupt Link [LNKA] (IRQs 5 *10 11)
Jun 30 12:42:43 localhost kernel: ACPI: PCI Interrupt Link [LNKB] (IRQs 5 *10 11)
Jun 30 12:42:43 localhost kernel: ACPI: PCI Interrupt Link [LNKC] (IRQs 5 10 *11)
Jun 30 12:42:43 localhost kernel: ACPI: PCI Interrupt Link [LNKD] (IRQs 5 10 *11)
Jun 30 12:42:43 localhost kernel: ACPI: PCI Interrupt Link [LNKS] (IRQs *9)
Jun 30 12:42:43 localhost kernel: ACPI: Enabled 16 GPEs in block 00 to 0F
Jun 30 12:42:43 localhost kernel: vgaarb: device added: PCI:0000:00:02.0,decodes=io+mem,owns=io+mem,locks=none
Jun 30 12:42:43 localhost kernel: vgaarb: loaded
Jun 30 12:42:43 localhost kernel: vgaarb: bridge control possible 0000:00:02.0
Jun 30 12:42:43 localhost kernel: SCSI subsystem initialized
Jun 30 12:42:43 localhost kernel: ACPI: bus type USB registered
Jun 30 12:42:43 localhost kernel: usbcore: registered new interface driver usbfs
Jun 30 12:42:43 localhost kernel: usbcore: registered new interface driver hub
Jun 30 12:42:43 localhost kernel: usbcore: registered new device driver usb
Jun 30 12:42:43 localhost kernel: PCI: Using ACPI for IRQ routing
Jun 30 12:42:43 localhost kernel: NetLabel: Initializing
Jun 30 12:42:43 localhost kernel: NetLabel:  domain hash size = 128
Jun 30 12:42:43 localhost kernel: NetLabel:  protocols = UNLABELED CIPSOv4
Jun 30 12:42:43 localhost kernel: NetLabel:  unlabeled traffic allowed by default
Jun 30 12:42:43 localhost kernel: HPET: 3 timers in total, 0 timers will be used for per-cpu timer
Jun 30 12:42:43 localhost kernel: hpet0: at MMIO 0xfed00000, IRQs 2, 8, 0
Jun 30 12:42:43 localhost kernel: hpet0: 3 comparators, 64-bit 100.000000 MHz counter
Jun 30 12:42:43 localhost kernel: Switching to clocksource kvm-clock
Jun 30 12:42:43 localhost kernel: pnp: PnP ACPI init
Jun 30 12:42:43 localhost kernel: ACPI: bus type PNP registered
Jun 30 12:42:43 localhost kernel: pnp: PnP ACPI: found 7 devices
Jun 30 12:42:43 localhost kernel: ACPI: bus type PNP unregistered
Jun 30 12:42:43 localhost kernel: NET: Registered protocol family 2
Jun 30 12:42:43 localhost kernel: TCP established hash table entries: 4096 (order: 3, 32768 bytes)
Jun 30 12:42:43 localhost kernel: TCP bind hash table entries: 4096 (order: 4, 65536 bytes)
Jun 30 12:42:43 localhost kernel: TCP: Hash tables configured (established 4096 bind 4096)
Jun 30 12:42:43 localhost kernel: TCP: reno registered
Jun 30 12:42:43 localhost kernel: UDP hash table entries: 256 (order: 1, 8192 bytes)
Jun 30 12:42:43 localhost kernel: UDP-Lite hash table entries: 256 (order: 1, 8192 bytes)
Jun 30 12:42:43 localhost kernel: NET: Registered protocol family 1
Jun 30 12:42:43 localhost kernel: pci 0000:00:00.0: Limiting direct PCI/PCI transfers
Jun 30 12:42:43 localhost kernel: pci 0000:00:01.0: PIIX3: Enabling Passive Release
Jun 30 12:42:43 localhost kernel: pci 0000:00:01.0: Activating ISA DMA hang workarounds
Jun 30 12:42:43 localhost kernel: Unpacking initramfs...
Jun 30 12:42:43 localhost kernel: Freeing initrd memory: 18764k freed
Jun 30 12:42:43 localhost kernel: microcode: CPU0 sig=0x663, pf=0x1, revision=0x1
Jun 30 12:42:43 localhost kernel: microcode: Microcode Update Driver: v2.00 <tigran@aivazian.fsnet.co.uk>, Peter Oruba
Jun 30 12:42:43 localhost kernel: sha1_ssse3: Neither AVX nor AVX2 nor SSSE3 is available/usable.
Jun 30 12:42:43 localhost kernel: sha256_ssse3: Neither AVX nor SSSE3 is available/usable.
Jun 30 12:42:43 localhost kernel: futex hash table entries: 256 (order: 2, 16384 bytes)
Jun 30 12:42:43 localhost kernel: Initialise system trusted keyring
Jun 30 12:42:43 localhost kernel: audit: initializing netlink socket (disabled)
Jun 30 12:42:43 localhost kernel: type=2000 audit(1498819363.892:1): initialized
Jun 30 12:42:43 localhost kernel: HugeTLB registered 2 MB page size, pre-allocated 0 pages
Jun 30 12:42:43 localhost kernel: zpool: loaded
Jun 30 12:42:43 localhost kernel: zbud: loaded
Jun 30 12:42:43 localhost kernel: VFS: Disk quotas dquot_6.5.2
Jun 30 12:42:43 localhost kernel: Dquot-cache hash table entries: 512 (order 0, 4096 bytes)
Jun 30 12:42:43 localhost kernel: msgmni has been set to 974
Jun 30 12:42:43 localhost kernel: Key type big_key registered
Jun 30 12:42:43 localhost kernel: NET: Registered protocol family 38
Jun 30 12:42:43 localhost kernel: Key type asymmetric registered
Jun 30 12:42:43 localhost kernel: Asymmetric key parser 'x509' registered
Jun 30 12:42:43 localhost kernel: Block layer SCSI generic (bsg) driver version 0.4 loaded (major 251)
Jun 30 12:42:43 localhost kernel: io scheduler noop registered
Jun 30 12:42:43 localhost kernel: io scheduler deadline registered (default)
Jun 30 12:42:43 localhost kernel: io scheduler cfq registered
Jun 30 12:42:43 localhost kernel: pci_hotplug: PCI Hot Plug PCI Core version: 0.5
Jun 30 12:42:43 localhost kernel: pciehp: PCI Express Hot Plug Controller Driver version: 0.4
Jun 30 12:42:43 localhost kernel: input: Power Button as /devices/LNXSYSTM:00/LNXPWRBN:00/input/input0
Jun 30 12:42:43 localhost kernel: ACPI: Power Button [PWRF]
Jun 30 12:42:43 localhost kernel: GHES: HEST is not enabled!
Jun 30 12:42:43 localhost kernel: Serial: 8250/16550 driver, 4 ports, IRQ sharing enabled
Jun 30 12:42:43 localhost kernel: 00:05: ttyS0 at I/O 0x3f8 (irq = 4) is a 16550A
Jun 30 12:42:43 localhost kernel: Non-volatile memory driver v1.3
Jun 30 12:42:43 localhost kernel: Linux agpgart interface v0.103
Jun 30 12:42:43 localhost kernel: crash memory driver: version 1.1
Jun 30 12:42:43 localhost kernel: rdac: device handler registered
Jun 30 12:42:43 localhost kernel: hp_sw: device handler registered
Jun 30 12:42:43 localhost kernel: emc: device handler registered
Jun 30 12:42:43 localhost kernel: alua: device handler registered
Jun 30 12:42:43 localhost kernel: libphy: Fixed MDIO Bus: probed
Jun 30 12:42:43 localhost kernel: ehci_hcd: USB 2.0 'Enhanced' Host Controller (EHCI) Driver
Jun 30 12:42:43 localhost kernel: ehci-pci: EHCI PCI platform driver
Jun 30 12:42:43 localhost kernel: ohci_hcd: USB 1.1 'Open' Host Controller (OHCI) Driver
Jun 30 12:42:43 localhost kernel: ohci-pci: OHCI PCI platform driver
Jun 30 12:42:43 localhost kernel: uhci_hcd: USB Universal Host Controller Interface driver
Jun 30 12:42:43 localhost kernel: usbcore: registered new interface driver usbserial
Jun 30 12:42:43 localhost kernel: usbcore: registered new interface driver usbserial_generic
Jun 30 12:42:43 localhost kernel: usbserial: USB Serial support registered for generic
Jun 30 12:42:43 localhost kernel: i8042: PNP: PS/2 Controller [PNP0303:KBD,PNP0f13:MOU] at 0x60,0x64 irq 1,12
Jun 30 12:42:43 localhost kernel: serio: i8042 KBD port at 0x60,0x64 irq 1
Jun 30 12:42:43 localhost kernel: serio: i8042 AUX port at 0x60,0x64 irq 12
Jun 30 12:42:43 localhost kernel: mousedev: PS/2 mouse device common for all mice
Jun 30 12:42:43 localhost kernel: input: AT Translated Set 2 keyboard as /devices/platform/i8042/serio0/input/input1
Jun 30 12:42:43 localhost kernel: rtc_cmos 00:00: RTC can wake from S4
Jun 30 12:42:43 localhost kernel: rtc_cmos 00:00: rtc core: registered rtc_cmos as rtc0
Jun 30 12:42:43 localhost kernel: rtc_cmos 00:00: alarms up to one day, 114 bytes nvram, hpet irqs
Jun 30 12:42:43 localhost kernel: cpuidle: using governor menu
Jun 30 12:42:43 localhost kernel: hidraw: raw HID events driver (C) Jiri Kosina
Jun 30 12:42:43 localhost kernel: usbcore: registered new interface driver usbhid
Jun 30 12:42:43 localhost kernel: usbhid: USB HID core driver
Jun 30 12:42:43 localhost kernel: drop_monitor: Initializing network drop monitor service
Jun 30 12:42:43 localhost kernel: TCP: cubic registered
Jun 30 12:42:43 localhost kernel: Initializing XFRM netlink socket
Jun 30 12:42:43 localhost kernel: NET: Registered protocol family 10
Jun 30 12:42:43 localhost kernel: NET: Registered protocol family 17
Jun 30 12:42:43 localhost kernel: Loading compiled-in X.509 certificates
Jun 30 12:42:43 localhost kernel: Loaded X.509 cert 'CentOS Linux kpatch signing key: ea0413152cde1d98ebdca3fe6f0230904c9ef717'
Jun 30 12:42:43 localhost kernel: Loaded X.509 cert 'CentOS Linux Driver update signing key: 7f421ee0ab69461574bb358861dbe77762a4201b'
Jun 30 12:42:43 localhost kernel: Loaded X.509 cert 'CentOS Linux kernel signing key: 79ad886a113ca0223526336c0f825b8a94296ab3'
Jun 30 12:42:43 localhost kernel: registered taskstats version 1
Jun 30 12:42:43 localhost kernel: Key type trusted registered
Jun 30 12:42:43 localhost kernel: Key type encrypted registered
Jun 30 12:42:43 localhost kernel: IMA: No TPM chip found, activating TPM-bypass!
Jun 30 12:42:43 localhost kernel: rtc_cmos 00:00: setting system clock to 2017-06-30 10:42:43 UTC (1498819363)
Jun 30 12:42:43 localhost kernel: Freeing unused kernel memory: 1620k freed
Jun 30 12:42:43 localhost systemd[1]: systemd 219 running in system mode. (+PAM +AUDIT +SELINUX +IMA -APPARMOR +SMACK +SYSVINIT +UTMP +LIBCRYPTSETUP +GCRYPT +GNUTLS +ACL +XZ -LZ4 -SECCOMP +BLKID +ELFUTILS +KMOD +IDN)
Jun 30 12:42:43 localhost systemd[1]: Detected virtualization kvm.
Jun 30 12:42:43 localhost systemd[1]: Detected architecture x86-64.
Jun 30 12:42:43 localhost systemd[1]: Running in initial RAM disk.
Jun 30 12:42:43 localhost systemd[1]: Set hostname to <localhost.localdomain>.
Jun 30 12:42:43 localhost systemd[1]: Reached target Timers.
Jun 30 12:42:43 localhost systemd[1]: Starting Timers.
Jun 30 12:42:43 localhost systemd[1]: Reached target Local File Systems.
Jun 30 12:42:43 localhost systemd[1]: Starting Local File Systems.
Jun 30 12:42:43 localhost systemd[1]: Reached target Swap.
Jun 30 12:42:43 localhost systemd[1]: Starting Swap.
Jun 30 12:42:43 localhost systemd[1]: Created slice -.slice.
Jun 30 12:42:43 localhost systemd[1]: Starting -.slice.
Jun 30 12:42:43 localhost systemd[1]: Created slice System Slice.
Jun 30 12:42:43 localhost systemd[1]: Starting System Slice.
Jun 30 12:42:43 localhost systemd[1]: Listening on udev Kernel Socket.
Jun 30 12:42:43 localhost systemd[1]: Starting udev Kernel Socket.
Jun 30 12:42:43 localhost systemd[1]: Listening on Journal Socket.
Jun 30 12:42:43 localhost systemd[1]: Starting Journal Socket.
Jun 30 12:42:43 localhost systemd[1]: Starting Journal Service...
Jun 30 12:42:43 localhost systemd[1]: Starting Setup Virtual Console...
Jun 30 12:42:43 localhost systemd[1]: Started Load Kernel Modules.
Jun 30 12:42:43 localhost systemd[1]: Started dracut ask for additional cmdline parameters.
Jun 30 12:42:43 localhost systemd[1]: Starting dracut cmdline hook...
Jun 30 12:42:43 localhost systemd[1]: Starting Create list of required static device nodes for the current kernel...
Jun 30 12:42:43 localhost systemd[1]: Starting Apply Kernel Variables...
Jun 30 12:42:43 localhost systemd[1]: Reached target Slices.
Jun 30 12:42:43 localhost systemd[1]: Starting Slices.
Jun 30 12:42:43 localhost systemd[1]: Listening on udev Control Socket.
Jun 30 12:42:43 localhost systemd[1]: Starting udev Control Socket.
Jun 30 12:42:43 localhost systemd[1]: Reached target Sockets.
Jun 30 12:42:43 localhost systemd[1]: Starting Sockets.
Jun 30 12:42:43 localhost systemd[1]: Started Create list of required static device nodes for the current kernel.
Jun 30 12:42:43 localhost systemd[1]: Started Apply Kernel Variables.
Jun 30 12:42:43 localhost systemd[1]: Starting Create Static Device Nodes in /dev...
Jun 30 12:42:43 localhost systemd[1]: Started Create Static Device Nodes in /dev.
Jun 30 12:42:43 localhost journal: Journal started
Jun 30 12:42:43 localhost systemd[1]: Started Journal Service.
Jun 30 12:42:43 localhost systemd-tmpfiles: Failed to parse ACL "d:group:adm:r-x,d:group:wheel:r-x": Invalid argument. Ignoring
Jun 30 12:42:43 localhost systemd-tmpfiles: Failed to parse ACL "group:adm:r-x,group:wheel:r-x": Invalid argument. Ignoring
Jun 30 12:42:43 localhost systemd-tmpfiles: Failed to parse ACL "d:group:adm:r-x,d:group:wheel:r-x": Invalid argument. Ignoring
Jun 30 12:42:43 localhost systemd-tmpfiles: Failed to parse ACL "group:adm:r-x,group:wheel:r-x": Invalid argument. Ignoring
Jun 30 12:42:43 localhost systemd: Started Setup Virtual Console.
Jun 30 12:42:43 localhost systemd: Started dracut cmdline hook.
Jun 30 12:42:43 localhost systemd: Starting dracut pre-udev hook...
Jun 30 12:42:43 localhost kernel: device-mapper: uevent: version 1.0.3
Jun 30 12:42:43 localhost kernel: device-mapper: ioctl: 4.33.0-ioctl (2015-8-18) initialised: dm-devel@redhat.com
Jun 30 12:42:43 localhost systemd: Started dracut pre-udev hook.
Jun 30 12:42:43 localhost systemd: Starting udev Kernel Device Manager...
Jun 30 12:42:43 localhost systemd-udevd: starting version 219
Jun 30 12:42:43 localhost systemd: Started udev Kernel Device Manager.
Jun 30 12:42:43 localhost systemd: Started dracut pre-trigger hook.
Jun 30 12:42:43 localhost systemd: Starting udev Coldplug all Devices...
Jun 30 12:42:43 localhost systemd: Mounting Configuration File System...
Jun 30 12:42:43 localhost systemd: Mounted Configuration File System.
Jun 30 12:42:43 localhost kernel: Floppy drive(s): fd0 is 1.44M
Jun 30 12:42:43 localhost kernel: FDC 0 is a S82078B
Jun 30 12:42:43 localhost systemd: Started udev Coldplug all Devices.
Jun 30 12:42:43 localhost systemd: Starting Show Plymouth Boot Screen...
Jun 30 12:42:43 localhost systemd: Starting dracut initqueue hook...
Jun 30 12:42:43 localhost systemd: Reached target System Initialization.
Jun 30 12:42:43 localhost systemd: Starting System Initialization.
Jun 30 12:42:43 localhost kernel: [drm] Initialized drm 1.1.0 20060810
Jun 30 12:42:43 localhost systemd: Started Show Plymouth Boot Screen.
Jun 30 12:42:43 localhost systemd: Started Dispatch Password Requests to Console Directory Watch.
Jun 30 12:42:43 localhost systemd: Reached target Paths.
Jun 30 12:42:43 localhost systemd: Starting Paths.
Jun 30 12:42:43 localhost systemd: Started Forward Password Requests to Plymouth Directory Watch.
Jun 30 12:42:43 localhost systemd: Starting Forward Password Requests to Plymouth Directory Watch.
Jun 30 12:42:43 localhost systemd: Reached target Basic System.
Jun 30 12:42:43 localhost systemd: Starting Basic System.
Jun 30 12:42:43 localhost kernel: ACPI: PCI Interrupt Link [LNKC] enabled at IRQ 11
Jun 30 12:42:43 localhost kernel: virtio-pci 0000:00:03.0: virtio_pci: leaving for legacy driver
Jun 30 12:42:43 localhost kernel: scsi host0: ata_piix
Jun 30 12:42:43 localhost kernel: scsi host1: ata_piix
Jun 30 12:42:43 localhost kernel: ata1: PATA max MWDMA2 cmd 0x1f0 ctl 0x3f6 bmdma 0xc060 irq 14
Jun 30 12:42:43 localhost kernel: ata2: PATA max MWDMA2 cmd 0x170 ctl 0x376 bmdma 0xc068 irq 15
Jun 30 12:42:43 localhost kernel: [drm] Found bochs VGA, ID 0xb0c0.
Jun 30 12:42:43 localhost kernel: [drm] Framebuffer size 16384 kB @ 0xfd000000, mmio @ 0xfebd0000.
Jun 30 12:42:43 localhost kernel: [TTM] Zone  kernel: Available graphics memory: 250358 kiB
Jun 30 12:42:43 localhost kernel: [TTM] Initializing pool allocator
Jun 30 12:42:43 localhost kernel: [TTM] Initializing DMA pool allocator
Jun 30 12:42:43 localhost kernel: fbcon: bochsdrmfb (fb0) is primary device
Jun 30 12:42:43 localhost kernel: Console: switching to colour frame buffer device 128x48
Jun 30 12:42:43 localhost kernel: bochs-drm 0000:00:02.0: fb0: bochsdrmfb frame buffer device
Jun 30 12:42:43 localhost kernel: bochs-drm 0000:00:02.0: registered panic notifier
Jun 30 12:42:43 localhost kernel: [drm] Initialized bochs-drm 1.0.0 20130925 for 0000:00:02.0 on minor 0
Jun 30 12:42:43 localhost kernel: ACPI: PCI Interrupt Link [LNKD] enabled at IRQ 10
Jun 30 12:42:43 localhost kernel: virtio-pci 0000:00:04.0: virtio_pci: leaving for legacy driver
Jun 30 12:42:43 localhost kernel: vda: vda1 vda2 vda3
Jun 30 12:42:43 localhost kernel: ata2.00: ATAPI: QEMU DVD-ROM, 2.5+, max UDMA/100
Jun 30 12:42:43 localhost kernel: ata2.00: configured for MWDMA2
Jun 30 12:42:43 localhost kernel: scsi 1:0:0:0: CD-ROM            QEMU     QEMU DVD-ROM     2.5+ PQ: 0 ANSI: 5
Jun 30 12:42:43 localhost kernel: sr 1:0:0:0: [sr0] scsi3-mmc drive: 4x/4x cd/rw xa/form2 tray
Jun 30 12:42:43 localhost kernel: cdrom: Uniform CD-ROM driver Revision: 3.20
Jun 30 12:42:44 localhost systemd: Found device /dev/mapper/vg00-lv_root.
Jun 30 12:42:44 localhost systemd: Starting File System Check on /dev/mapper/vg00-lv_root...
Jun 30 12:42:44 localhost systemd: Started dracut initqueue hook.
Jun 30 12:42:44 localhost systemd: Reached target Remote File Systems (Pre).
Jun 30 12:42:44 localhost systemd: Starting Remote File Systems (Pre).
Jun 30 12:42:44 localhost systemd: Reached target Remote File Systems.
Jun 30 12:42:44 localhost systemd: Starting Remote File Systems.
Jun 30 12:42:44 localhost systemd: Started dracut pre-mount hook.
Jun 30 12:42:44 localhost systemd-fsck: /sbin/fsck.xfs: XFS file system.
Jun 30 12:42:44 localhost systemd: Started File System Check on /dev/mapper/vg00-lv_root.
Jun 30 12:42:44 localhost systemd: Mounting /sysroot...
Jun 30 12:42:44 localhost kernel: SGI XFS with ACLs, security attributes, no debug enabled
Jun 30 12:42:44 localhost kernel: XFS (dm-0): Mounting V4 Filesystem
Jun 30 12:42:44 localhost kernel: XFS (dm-0): Ending clean mount
Jun 30 12:42:44 localhost systemd: Mounted /sysroot.
Jun 30 12:42:44 localhost systemd: Reached target Initrd Root File System.
Jun 30 12:42:44 localhost systemd: Starting Initrd Root File System.
Jun 30 12:42:44 localhost systemd: Starting Reload Configuration from the Real Root...
Jun 30 12:42:44 localhost systemd: Reloading.
Jun 30 12:42:44 localhost systemd: Started Reload Configuration from the Real Root.
Jun 30 12:42:44 localhost systemd: Reached target Initrd File Systems.
Jun 30 12:42:44 localhost systemd: Starting Initrd File Systems.
Jun 30 12:42:44 localhost systemd: Started dracut mount hook.
Jun 30 12:42:44 localhost systemd: Reached target Initrd Default Target.
Jun 30 12:42:44 localhost systemd: Starting Initrd Default Target.
Jun 30 12:42:44 localhost systemd: Starting dracut pre-pivot and cleanup hook...
Jun 30 12:42:44 localhost systemd: Started dracut pre-pivot and cleanup hook.
Jun 30 12:42:44 localhost systemd: systemd-udevd.service has no holdoff time, scheduling restart.
Jun 30 12:42:44 localhost systemd: Starting udev Kernel Device Manager...
Jun 30 12:42:44 localhost systemd: Starting Cleaning Up and Shutting Down Daemons...
Jun 30 12:42:44 localhost systemd-udevd: starting version 219
Jun 30 12:42:44 localhost systemd: Stopped target Timers.
Jun 30 12:42:44 localhost systemd: Stopping Timers.
Jun 30 12:42:44 localhost systemd: Starting Plymouth switch root service...
Jun 30 12:42:44 localhost systemd: Stopped Cleaning Up and Shutting Down Daemons.
Jun 30 12:42:44 localhost systemd: Stopped dracut pre-pivot and cleanup hook.
Jun 30 12:42:44 localhost systemd: Stopping dracut pre-pivot and cleanup hook...
Jun 30 12:42:44 localhost systemd: Stopped target Initrd Default Target.
Jun 30 12:42:44 localhost systemd: Stopping Initrd Default Target.
Jun 30 12:42:44 localhost systemd: Stopped target Basic System.
Jun 30 12:42:44 localhost systemd: Stopping Basic System.
Jun 30 12:42:44 localhost systemd: Stopped target Slices.
Jun 30 12:42:44 localhost systemd: Stopping Slices.
Jun 30 12:42:44 localhost systemd: Stopped target System Initialization.
Jun 30 12:42:44 localhost systemd: Stopping System Initialization.
Jun 30 12:42:44 localhost systemd: Stopped target Local File Systems.
Jun 30 12:42:44 localhost systemd: Stopping Local File Systems.
Jun 30 12:42:44 localhost systemd: Stopped Apply Kernel Variables.
Jun 30 12:42:44 localhost systemd: Stopping Apply Kernel Variables...
Jun 30 12:42:44 localhost systemd: Stopped target Swap.
Jun 30 12:42:44 localhost systemd: Stopping Swap.
Jun 30 12:42:44 localhost systemd: Stopped target Paths.
Jun 30 12:42:44 localhost systemd: Stopping Paths.
Jun 30 12:42:44 localhost systemd: Stopped target Sockets.
Jun 30 12:42:44 localhost systemd: Stopping Sockets.
Jun 30 12:42:44 localhost systemd: Stopped target Remote File Systems.
Jun 30 12:42:44 localhost systemd: Stopping Remote File Systems.
Jun 30 12:42:44 localhost systemd: Stopped target Remote File Systems (Pre).
Jun 30 12:42:44 localhost systemd: Stopping Remote File Systems (Pre).
Jun 30 12:42:44 localhost systemd: Stopped dracut initqueue hook.
Jun 30 12:42:44 localhost systemd: Stopping dracut initqueue hook...
Jun 30 12:42:44 localhost systemd: Stopped udev Coldplug all Devices.
Jun 30 12:42:44 localhost systemd: Stopping udev Coldplug all Devices...
Jun 30 12:42:44 localhost systemd: Stopped udev Kernel Device Manager.
Jun 30 12:42:44 localhost systemd: Stopped dracut pre-udev hook.
Jun 30 12:42:44 localhost systemd: Stopping dracut pre-udev hook...
Jun 30 12:42:44 localhost systemd: Stopped dracut cmdline hook.
Jun 30 12:42:44 localhost systemd: Stopping dracut cmdline hook...
Jun 30 12:42:44 localhost systemd: Closed udev Control Socket.
Jun 30 12:42:44 localhost systemd: Stopping udev Control Socket.
Jun 30 12:42:44 localhost systemd: Stopped Create Static Device Nodes in /dev.
Jun 30 12:42:44 localhost systemd: Stopping Create Static Device Nodes in /dev...
Jun 30 12:42:44 localhost systemd: Stopped Create list of required static device nodes for the current kernel.
Jun 30 12:42:44 localhost systemd: Stopping Create list of required static device nodes for the current kernel...
Jun 30 12:42:44 localhost systemd: Closed udev Kernel Socket.
Jun 30 12:42:44 localhost systemd: Stopping udev Kernel Socket.
Jun 30 12:42:44 localhost systemd: Starting Cleanup udevd DB...
Jun 30 12:42:44 localhost systemd: Started Cleanup udevd DB.
Jun 30 12:42:44 localhost systemd: Reached target Switch Root.
Jun 30 12:42:44 localhost systemd: Starting Switch Root.
Jun 30 12:42:44 localhost systemd: Started Plymouth switch root service.
Jun 30 12:42:44 localhost systemd: Starting Switch Root...
Jun 30 12:42:44 localhost systemd: Switching root.
Jun 30 12:42:44 localhost journal: Journal stopped
Jun 30 12:42:44 localhost journal: Runtime journal is using 4.0M (max allowed 24.4M, trying to leave 36.6M free of 240.4M available → current limit 24.4M).
Jun 30 12:42:44 localhost journal: Runtime journal is using 4.0M (max allowed 24.4M, trying to leave 36.6M free of 240.4M available → current limit 24.4M).
Jun 30 12:42:44 localhost systemd-journald[84]: Received SIGTERM from PID 1 (systemd).
Jun 30 12:42:44 localhost kernel: SELinux:  Disabled at runtime.
Jun 30 12:42:44 localhost kernel: type=1404 audit(1498819364.254:2): selinux=0 auid=4294967295 ses=4294967295
Jun 30 12:42:44 localhost kernel: ip_tables: (C) 2000-2006 Netfilter Core Team
Jun 30 12:42:44 localhost systemd[1]: Inserted module 'ip_tables'
Jun 30 12:42:44 localhost journal: Journal started
Jun 30 12:42:44 localhost systemd: systemd 219 running in system mode. (+PAM +AUDIT +SELINUX +IMA -APPARMOR +SMACK +SYSVINIT +UTMP +LIBCRYPTSETUP +GCRYPT +GNUTLS +ACL +XZ -LZ4 -SECCOMP +BLKID +ELFUTILS +KMOD +IDN)
Jun 30 12:42:44 localhost systemd: Detected virtualization kvm.
Jun 30 12:42:44 localhost systemd: Detected architecture x86-64.
Jun 30 12:42:44 localhost systemd: Set hostname to <localhost.localdomain>.
Jun 30 12:42:44 localhost systemd: Configuration file /usr/lib/systemd/system/auditd.service is marked world-inaccessible. This has no effect as configuration data is accessible via APIs without restrictions. Proceeding anyway.
Jun 30 12:42:44 localhost systemd: Started Remount Root and Kernel File Systems.
Jun 30 12:42:44 localhost systemd: Started Apply Kernel Variables.
Jun 30 12:42:44 localhost systemd: Started Create Static Device Nodes in /dev.
Jun 30 12:42:44 localhost systemd: Starting udev Kernel Device Manager...
Jun 30 12:42:44 localhost systemd: Started LVM2 metadata daemon.
Jun 30 12:42:44 localhost systemd: Starting LVM2 metadata daemon...
Jun 30 12:42:44 localhost systemd: Reached target Local File Systems (Pre).
Jun 30 12:42:44 localhost systemd: Starting Local File Systems (Pre).
Jun 30 12:42:44 localhost systemd: Starting Rebuild Hardware Database...
Jun 30 12:42:44 localhost systemd: Starting Rebuild Dynamic Linker Cache...
Jun 30 12:42:44 localhost systemd: Starting Configure read-only root support...
Jun 30 12:42:44 localhost systemd: Starting Load/Save Random Seed...
Jun 30 12:42:44 localhost systemd: Started First Boot Wizard.
Jun 30 12:42:44 localhost systemd: Starting Flush Journal to Persistent Storage...
Jun 30 12:42:44 localhost kernel: input: ImExPS/2 Generic Explorer Mouse as /devices/platform/i8042/serio1/input/input2
Jun 30 12:42:44 localhost systemd-udevd: starting version 219
Jun 30 12:42:44 localhost systemd: Started Load/Save Random Seed.
Jun 30 12:42:44 localhost journal: Runtime journal is using 4.0M (max allowed 24.4M, trying to leave 36.6M free of 240.4M available → current limit 24.4M).
Jun 30 12:42:44 localhost systemd: Started Flush Journal to Persistent Storage.
Jun 30 12:42:44 localhost systemd: Started Configure read-only root support.
Jun 30 12:42:44 localhost systemd: Started udev Kernel Device Manager.
Jun 30 12:42:44 localhost systemd: Started Rebuild Dynamic Linker Cache.
Jun 30 12:42:44 localhost kernel: tsc: Refined TSC clocksource calibration: 3192.662 MHz
Jun 30 12:42:44 localhost systemd: Started Rebuild Hardware Database.
Jun 30 12:42:44 localhost systemd: Starting udev Coldplug all Devices...
Jun 30 12:42:44 localhost kernel: piix4_smbus 0000:00:01.3: SMBus Host Controller at 0x700, revision 0
Jun 30 12:42:44 localhost systemd: Started udev Coldplug all Devices.
Jun 30 12:42:44 localhost kernel: parport_pc 00:04: reported by Plug and Play ACPI
Jun 30 12:42:44 localhost kernel: parport0: PC-style at 0x378, irq 7 [PCSPP,TRISTATE]
Jun 30 12:42:44 localhost systemd: Created slice system-lvm2\x2dpvscan.slice.
Jun 30 12:42:44 localhost systemd: Starting system-lvm2\x2dpvscan.slice.
Jun 30 12:42:44 localhost systemd: Starting LVM2 PV scan on device 252:3...
Jun 30 12:42:44 localhost kernel: input: PC Speaker as /devices/platform/pcspkr/input/input3
Jun 30 12:42:44 localhost systemd: Found device /dev/disk/by-uuid/80b91eb7-b797-476e-a4c6-ff32f8c0695f.
Jun 30 12:42:44 localhost systemd: Activating swap /dev/disk/by-uuid/80b91eb7-b797-476e-a4c6-ff32f8c0695f...
Jun 30 12:42:44 localhost systemd: Found device /dev/disk/by-uuid/6bdec1c8-715e-4121-a8ca-f5ba4f1aa084.
Jun 30 12:42:44 localhost systemd: Mounting /boot...
Jun 30 12:42:44 localhost kernel: sr 1:0:0:0: Attached scsi generic sg0 type 5
Jun 30 12:42:44 localhost systemd: Activated swap /dev/disk/by-uuid/80b91eb7-b797-476e-a4c6-ff32f8c0695f.
Jun 30 12:42:44 localhost systemd: Reached target Swap.
Jun 30 12:42:44 localhost systemd: Starting Swap.
Jun 30 12:42:44 localhost kernel: Adding 4194300k swap on /dev/vda2.  Priority:-1 extents:1 across:4194300k FS
Jun 30 12:42:44 localhost lvm: 1 logical volume(s) in volume group "vg00" monitored
Jun 30 12:42:44 localhost systemd: Started Monitoring of LVM2 mirrors, snapshots etc. using dmeventd or progress polling.
Jun 30 12:42:44 localhost kernel: XFS (vda1): Mounting V4 Filesystem
Jun 30 12:42:44 localhost kernel: ppdev: user-space parallel port driver
Jun 30 12:42:44 localhost lvm: 1 logical volume(s) in volume group "vg00" now active
Jun 30 12:42:44 localhost systemd: Started LVM2 PV scan on device 252:3.
Jun 30 12:42:44 localhost kernel: XFS (vda1): Ending clean mount
Jun 30 12:42:44 localhost systemd: Mounted /boot.
Jun 30 12:42:44 localhost systemd: Reached target Local File Systems.
Jun 30 12:42:44 localhost systemd: Starting Local File Systems.
Jun 30 12:42:44 localhost systemd: Started Relabel all filesystems, if necessary.
Jun 30 12:42:44 localhost systemd: Starting Rebuild Journal Catalog...
Jun 30 12:42:44 localhost systemd: Starting Tell Plymouth To Write Out Runtime Data...
Jun 30 12:42:44 localhost systemd: Started Reconfigure the system on administrator request.
Jun 30 12:42:44 localhost systemd: Starting Import network configuration from initramfs...
Jun 30 12:42:44 localhost systemd: Started Commit a transient machine-id on disk.
Jun 30 12:42:44 localhost systemd: Starting Mark the need to relabel after reboot...
Jun 30 12:42:44 localhost systemd: Started Mark the need to relabel after reboot.
Jun 30 12:42:44 localhost systemd: Started Rebuild Journal Catalog.
Jun 30 12:42:44 localhost systemd: Starting Update is Completed...
Jun 30 12:42:44 localhost systemd: Started Tell Plymouth To Write Out Runtime Data.
Jun 30 12:42:44 localhost systemd: Started Update is Completed.
Jun 30 12:42:44 localhost systemd: Started Import network configuration from initramfs.
Jun 30 12:42:44 localhost systemd: Starting Create Volatile Files and Directories...
Jun 30 12:42:44 localhost systemd: Started Create Volatile Files and Directories.
Jun 30 12:42:44 localhost systemd: Starting Security Auditing Service...
Jun 30 12:42:44 localhost auditd[527]: Started dispatcher: /sbin/audispd pid: 532
Jun 30 12:42:44 localhost audispd: No plugins found, exiting
Jun 30 12:42:44 localhost kernel: type=1305 audit(1498819364.800:3): audit_pid=527 old=0 auid=4294967295 ses=4294967295 res=1
Jun 30 12:42:44 localhost auditd[527]: Init complete, auditd 2.4.1 listening for events (startup state enable)
Jun 30 12:42:44 localhost augenrules: No rules
Jun 30 12:42:44 localhost augenrules: enabled 1
Jun 30 12:42:44 localhost augenrules: flag 1
Jun 30 12:42:44 localhost augenrules: pid 527
Jun 30 12:42:44 localhost augenrules: rate_limit 0
Jun 30 12:42:44 localhost augenrules: backlog_limit 320
Jun 30 12:42:44 localhost augenrules: lost 0
Jun 30 12:42:44 localhost augenrules: backlog 1
Jun 30 12:42:44 localhost systemd: Started Security Auditing Service.
Jun 30 12:42:44 localhost systemd: Starting Update UTMP about System Boot/Shutdown...
Jun 30 12:42:44 localhost systemd: Started Update UTMP about System Boot/Shutdown.
Jun 30 12:42:44 localhost systemd: Reached target System Initialization.
Jun 30 12:42:44 localhost systemd: Starting System Initialization.
Jun 30 12:42:44 localhost systemd: Started Flexible branding.
Jun 30 12:42:44 localhost systemd: Starting Flexible branding.
Jun 30 12:42:44 localhost systemd: Reached target Paths.
Jun 30 12:42:44 localhost systemd: Starting Paths.
Jun 30 12:42:44 localhost systemd: Started Daily Cleanup of Temporary Directories.
Jun 30 12:42:44 localhost systemd: Starting Daily Cleanup of Temporary Directories.
Jun 30 12:42:44 localhost systemd: Reached target Timers.
Jun 30 12:42:44 localhost systemd: Starting Timers.
Jun 30 12:42:44 localhost systemd: Listening on D-Bus System Message Bus Socket.
Jun 30 12:42:44 localhost systemd: Starting D-Bus System Message Bus Socket.
Jun 30 12:42:44 localhost systemd: Reached target Sockets.
Jun 30 12:42:44 localhost systemd: Starting Sockets.
Jun 30 12:42:44 localhost systemd: Reached target Basic System.
Jun 30 12:42:44 localhost systemd: Starting Basic System.
Jun 30 12:42:44 localhost systemd: Starting Dump dmesg to /var/log/dmesg...
Jun 30 12:42:44 localhost systemd: Starting Network Manager...
Jun 30 12:42:44 localhost systemd: Starting OpenSSH Server Key Generation...
Jun 30 12:42:44 localhost systemd: Starting System Logging Service...
Jun 30 12:42:44 localhost systemd: Started irqbalance daemon.
Jun 30 12:42:44 localhost systemd: Starting irqbalance daemon...
Jun 30 12:42:44 localhost systemd: Started Load CPU microcode update.
Jun 30 12:42:44 localhost systemd: Starting Permit User Sessions...
Jun 30 12:42:44 localhost systemd: Starting Login Service...
Jun 30 12:42:44 localhost systemd: Started D-Bus System Message Bus.
Jun 30 12:42:44 localhost /usr/sbin/irqbalance: Balancing is ineffective on systems with a single cpu.  Shutting down
Jun 30 12:42:44 localhost systemd: Starting D-Bus System Message Bus...
Jun 30 12:42:44 localhost systemd: Started System Logging Service.
Jun 30 12:42:44 localhost systemd: Started Dump dmesg to /var/log/dmesg.
Jun 30 12:42:44 localhost systemd: Started Permit User Sessions.
Jun 30 12:42:44 localhost NetworkManager[553]: <info>  NetworkManager (version 1.0.6-27.el7) is starting...
Jun 30 12:42:44 localhost NetworkManager[553]: <info>  Read config: /etc/NetworkManager/NetworkManager.conf and conf.d: 10-ibft-plugin.conf
Jun 30 12:42:44 localhost systemd-logind: New seat seat0.
Jun 30 12:42:44 localhost systemd-logind: Watching system buttons on /dev/input/event0 (Power Button)
Jun 30 12:42:44 localhost systemd: Started Login Service.
Jun 30 12:42:44 localhost systemd: Started Network Manager.
Jun 30 12:42:44 localhost systemd: Starting Network Manager Wait Online...
Jun 30 12:42:44 localhost systemd: Starting Terminate Plymouth Boot Screen...
Jun 30 12:42:44 localhost systemd: Started Command Scheduler.
Jun 30 12:42:44 localhost systemd: Starting Command Scheduler...
Jun 30 12:42:44 localhost systemd: Starting Wait for Plymouth Boot Screen to Quit...
Jun 30 12:42:44 localhost NetworkManager[553]: <info>  Loaded settings plugin ifcfg-rh: (c) 2007 - 2015 Red Hat, Inc.  To report bugs please use the NetworkManager mailing list. (/usr/lib64/NetworkManager/libnm-settings-plugin-ifcfg-rh.so)
Jun 30 12:42:44 localhost NetworkManager[553]: <info>  Loaded settings plugin iBFT: (c) 2014 Red Hat, Inc.  To report bugs please use the NetworkManager mailing list. (/usr/lib64/NetworkManager/libnm-settings-plugin-ibft.so)
Jun 30 12:42:44 localhost NetworkManager[553]: <info>  Loaded settings plugin keyfile: (c) 2007 - 2015 Red Hat, Inc.  To report bugs please use the NetworkManager mailing list.
Jun 30 12:42:44 localhost NetworkManager[553]: <info>  ifcfg-rh: new connection /etc/sysconfig/network-scripts/ifcfg-eth0 (7c2c4e4f-d2eb-4a34-babc-f7741c2ef664,"System eth0")
Jun 30 12:42:44 localhost systemd: Received SIGRTMIN+21 from PID 248 (plymouthd).
Jun 30 12:42:44 localhost systemd: Started Wait for Plymouth Boot Screen to Quit.
Jun 30 12:42:44 localhost systemd: Started Getty on tty1.
Jun 30 12:42:44 localhost systemd: Starting Getty on tty1...
Jun 30 12:42:44 localhost systemd: Reached target Login Prompts.
Jun 30 12:42:44 localhost systemd: Starting Login Prompts.
Jun 30 12:42:44 localhost systemd: Started Terminate Plymouth Boot Screen.
Jun 30 12:42:44 localhost NetworkManager[553]: <info>  monitoring kernel firmware directory '/lib/firmware'.
Jun 30 12:42:44 localhost NetworkManager[553]: <info>  Loaded device plugin: NMVxlanFactory (internal)
Jun 30 12:42:44 localhost NetworkManager[553]: <info>  Loaded device plugin: NMVlanFactory (internal)
Jun 30 12:42:44 localhost NetworkManager[553]: <info>  Loaded device plugin: NMVethFactory (internal)
Jun 30 12:42:44 localhost NetworkManager[553]: <info>  Loaded device plugin: NMTunFactory (internal)
Jun 30 12:42:44 localhost NetworkManager[553]: <info>  Loaded device plugin: NMMacvlanFactory (internal)
Jun 30 12:42:44 localhost NetworkManager[553]: <info>  Loaded device plugin: NMInfinibandFactory (internal)
Jun 30 12:42:44 localhost NetworkManager[553]: <info>  Loaded device plugin: NMGreFactory (internal)
Jun 30 12:42:44 localhost NetworkManager[553]: <info>  Loaded device plugin: NMEthernetFactory (internal)
Jun 30 12:42:44 localhost NetworkManager[553]: <info>  Loaded device plugin: NMBridgeFactory (internal)
Jun 30 12:42:44 localhost NetworkManager[553]: <info>  Loaded device plugin: NMBondFactory (internal)
Jun 30 12:42:44 localhost NetworkManager[553]: <info>  Loaded device plugin: NMWifiFactory (/usr/lib64/NetworkManager/libnm-device-plugin-wifi.so)
Jun 30 12:42:44 localhost NetworkManager[553]: <info>  WiFi enabled by radio killswitch; enabled by state file
Jun 30 12:42:44 localhost NetworkManager[553]: <info>  WWAN enabled by radio killswitch; enabled by state file
Jun 30 12:42:44 localhost NetworkManager[553]: <info>  WiMAX enabled by radio killswitch; enabled by state file
Jun 30 12:42:44 localhost NetworkManager[553]: <info>  Networking is enabled by state file
Jun 30 12:42:44 localhost NetworkManager[553]: <info>  (lo): link connected
Jun 30 12:42:44 localhost NetworkManager[553]: <info>  (lo): new Generic device (carrier: ON, driver: 'unknown', ifindex: 1)
Jun 30 12:42:44 localhost NetworkManager[553]: <info>  (eth0): new Ethernet device (carrier: OFF, driver: 'virtio_net', ifindex: 2)
Jun 30 12:42:44 localhost NetworkManager[553]: <info>  (eth0): device state change: unmanaged -> unavailable (reason 'managed') [10 20 2]
Jun 30 12:42:44 localhost kernel: IPv6: ADDRCONF(NETDEV_UP): eth0: link is not ready
Jun 30 12:42:44 localhost NetworkManager[553]: <info>  (eth0): link connected
Jun 30 12:42:44 localhost dbus[559]: [system] Activating via systemd: service name='org.freedesktop.PolicyKit1' unit='polkit.service'
Jun 30 12:42:44 localhost dbus-daemon: dbus[559]: [system] Activating via systemd: service name='org.freedesktop.PolicyKit1' unit='polkit.service'
Jun 30 12:42:44 localhost systemd: Starting Authorization Manager...
Jun 30 12:42:44 localhost dbus[559]: [system] Activating via systemd: service name='fi.w1.wpa_supplicant1' unit='wpa_supplicant.service'
Jun 30 12:42:44 localhost dbus-daemon: dbus[559]: [system] Activating via systemd: service name='fi.w1.wpa_supplicant1' unit='wpa_supplicant.service'
Jun 30 12:42:44 localhost systemd: Configuration file /usr/lib/systemd/system/wpa_supplicant.service is marked executable. Please remove executable permission bits. Proceeding anyway.
Jun 30 12:42:44 localhost systemd: Starting WPA Supplicant daemon...
Jun 30 12:42:44 localhost NetworkManager[553]: <info>  (eth0): device state change: unavailable -> disconnected (reason 'none') [20 30 0]
Jun 30 12:42:44 localhost NetworkManager[553]: <info>  Auto-activating connection 'System eth0'.
Jun 30 12:42:44 localhost NetworkManager[553]: <info>  (eth0): Activation: starting connection 'System eth0' (7c2c4e4f-d2eb-4a34-babc-f7741c2ef664)
Jun 30 12:42:44 localhost NetworkManager[553]: <info>  (eth0): device state change: disconnected -> prepare (reason 'none') [30 40 0]
Jun 30 12:42:44 localhost NetworkManager[553]: <info>  NetworkManager state is now CONNECTING
Jun 30 12:42:44 localhost NetworkManager[553]: <info>  (eth0): device state change: prepare -> config (reason 'none') [40 50 0]
Jun 30 12:42:44 localhost NetworkManager[553]: <info>  (eth0): device state change: config -> ip-config (reason 'none') [50 70 0]
Jun 30 12:42:44 localhost NetworkManager[553]: <info>  Activation (eth0) Beginning DHCPv4 transaction (timeout in 45 seconds)
Jun 30 12:42:44 localhost dbus[559]: [system] Successfully activated service 'fi.w1.wpa_supplicant1'
Jun 30 12:42:44 localhost dbus-daemon: dbus[559]: [system] Successfully activated service 'fi.w1.wpa_supplicant1'
Jun 30 12:42:44 localhost systemd: Started WPA Supplicant daemon.
Jun 30 12:42:44 localhost polkitd[580]: Started polkitd version 0.112
Jun 30 12:42:44 localhost NetworkManager[553]: <info>  dhclient started with pid 583
Jun 30 12:42:44 localhost NetworkManager[553]: <info>  wpa_supplicant running
Jun 30 12:42:44 localhost dbus[559]: [system] Successfully activated service 'org.freedesktop.PolicyKit1'
Jun 30 12:42:44 localhost dbus-daemon: dbus[559]: [system] Successfully activated service 'org.freedesktop.PolicyKit1'
Jun 30 12:42:44 localhost systemd: Started Authorization Manager.
Jun 30 12:42:45 localhost dhclient[583]: DHCPDISCOVER on eth0 to 255.255.255.255 port 67 interval 5 (xid=0x27d9ab46)
Jun 30 12:42:45 localhost dhclient[583]: DHCPREQUEST on eth0 to 255.255.255.255 port 67 (xid=0x27d9ab46)
Jun 30 12:42:45 localhost dhclient[583]: DHCPOFFER from 10.0.2.2
Jun 30 12:42:45 localhost dhclient[583]: DHCPACK from 10.0.2.2 (xid=0x27d9ab46)
Jun 30 12:42:45 localhost NetworkManager[553]: <info>    address 10.0.2.15
Jun 30 12:42:45 localhost NetworkManager[553]: <info>    plen 24 (255.255.255.0)
Jun 30 12:42:45 localhost NetworkManager[553]: <info>    gateway 10.0.2.2
Jun 30 12:42:45 localhost NetworkManager[553]: <info>    server identifier 10.0.2.2
Jun 30 12:42:45 localhost NetworkManager[553]: <info>    lease time 86400
Jun 30 12:42:45 localhost NetworkManager[553]: <info>    nameserver '10.0.2.3'
Jun 30 12:42:45 localhost NetworkManager[553]: <info>  (eth0): DHCPv4 state changed unknown -> bound
Jun 30 12:42:45 localhost NetworkManager[553]: <info>  (eth0): device state change: ip-config -> ip-check (reason 'none') [70 80 0]
Jun 30 12:42:45 localhost NetworkManager[553]: <info>  (eth0): device state change: ip-check -> secondaries (reason 'none') [80 90 0]
Jun 30 12:42:45 localhost NetworkManager[553]: <info>  (eth0): device state change: secondaries -> activated (reason 'none') [90 100 0]
Jun 30 12:42:45 localhost NetworkManager[553]: <info>  NetworkManager state is now CONNECTED_LOCAL
Jun 30 12:42:45 localhost NetworkManager[553]: <info>  NetworkManager state is now CONNECTED_GLOBAL
Jun 30 12:42:45 localhost NetworkManager[553]: <info>  Policy set 'System eth0' (eth0) as default for IPv4 routing and DNS.
Jun 30 12:42:45 localhost NetworkManager[553]: <info>  (eth0): Activation: successful, device activated.
Jun 30 12:42:45 localhost dbus[559]: [system] Activating via systemd: service name='org.freedesktop.nm_dispatcher' unit='dbus-org.freedesktop.nm-dispatcher.service'
Jun 30 12:42:45 localhost systemd: Starting Network Manager Script Dispatcher Service...
Jun 30 12:42:45 localhost dbus-daemon: dbus[559]: [system] Activating via systemd: service name='org.freedesktop.nm_dispatcher' unit='dbus-org.freedesktop.nm-dispatcher.service'
Jun 30 12:42:45 localhost dhclient[583]: bound to 10.0.2.15 -- renewal in 35660 seconds.
Jun 30 12:42:45 localhost dbus[559]: [system] Successfully activated service 'org.freedesktop.nm_dispatcher'
Jun 30 12:42:45 localhost dbus-daemon: dbus[559]: [system] Successfully activated service 'org.freedesktop.nm_dispatcher'
Jun 30 12:42:45 localhost systemd: Started Network Manager Script Dispatcher Service.
Jun 30 12:42:45 localhost nm-dispatcher: Dispatching action 'up' for eth0
Jun 30 12:42:45 localhost sshd-keygen: Generating SSH2 RSA host key: [  OK  ]
Jun 30 12:42:45 localhost sshd-keygen: Generating SSH2 ECDSA host key: [  OK  ]
Jun 30 12:42:45 localhost sshd-keygen: Generating SSH2 ED25519 host key: [  OK  ]
Jun 30 12:42:45 localhost systemd: Started OpenSSH Server Key Generation.
Jun 30 12:42:50 localhost NetworkManager[553]: <info>  startup complete
Jun 30 12:42:50 localhost systemd: Started Network Manager Wait Online.
Jun 30 12:42:50 localhost systemd: Starting LSB: Bring up/down networking...
Jun 30 12:42:50 localhost network: Bringing up loopback interface:  Could not load file '/etc/sysconfig/network-scripts/ifcfg-lo'
Jun 30 12:42:50 localhost network: Could not load file '/etc/sysconfig/network-scripts/ifcfg-lo'
Jun 30 12:42:50 localhost network: Could not load file '/etc/sysconfig/network-scripts/ifcfg-lo'
Jun 30 12:42:50 localhost network: Could not load file '/etc/sysconfig/network-scripts/ifcfg-lo'
Jun 30 12:42:50 localhost network: [  OK  ]
Jun 30 12:42:50 localhost network: Bringing up interface eth0:  [  OK  ]
Jun 30 12:42:50 localhost systemd: Started LSB: Bring up/down networking.
Jun 30 12:42:50 localhost systemd: Reached target Network.
Jun 30 12:42:50 localhost systemd: Starting Network.
Jun 30 12:42:50 localhost systemd: Starting Postfix Mail Transport Agent...
Jun 30 12:42:50 localhost systemd: Starting Dynamic System Tuning Daemon...
Jun 30 12:42:50 localhost systemd: Started OpenSSH server daemon.
Jun 30 12:42:50 localhost systemd: Starting OpenSSH server daemon...
Jun 30 12:42:50 localhost systemd: Reached target Network is Online.
Jun 30 12:42:50 localhost systemd: Starting Network is Online.
Jun 30 12:42:50 localhost systemd: Starting Crash recovery kernel arming...
Jun 30 12:42:50 localhost systemd: Started Dynamic System Tuning Daemon.
Jun 30 12:42:51 localhost systemd: Started Postfix Mail Transport Agent.
Jun 30 12:42:51 localhost systemd: Reached target Multi-User System.
Jun 30 12:42:51 localhost systemd: Starting Multi-User System.
Jun 30 12:42:51 localhost systemd: Starting Update UTMP about System Runlevel Changes...
Jun 30 12:42:51 localhost systemd: Started Stop Read-Ahead Data Collection 10s After Completed Startup.
Jun 30 12:42:51 localhost systemd: Started Update UTMP about System Runlevel Changes.
Jun 30 12:42:51 localhost kdumpctl: No kdump initial ramdisk found.
Jun 30 12:42:51 localhost kdumpctl: Rebuilding /boot/initramfs-3.10.0-327.el7.x86_64kdump.img
Jun 30 12:42:51 localhost dracut: dracut-
Jun 30 12:42:51 localhost dracut: Executing: /usr/sbin/dracut --hostonly --hostonly-cmdline --hostonly-i18n -o "plymouth dash resume ifcfg" -f /boot/initramfs-3.10.0-327.el7.x86_64kdump.img 3.10.0-327.el7.x86_64
Jun 30 12:42:52 localhost dracut: dracut module 'modsign' will not be installed, because command 'keyctl' could not be found!
Jun 30 12:42:52 localhost dracut: dracut module 'busybox' will not be installed, because command 'busybox' could not be found!
Jun 30 12:42:52 localhost dracut: dracut module 'ifcfg' will not be installed, because it's in the list to be omitted!
Jun 30 12:42:52 localhost dracut: dracut module 'plymouth' will not be installed, because it's in the list to be omitted!
Jun 30 12:42:52 localhost dracut: dracut module 'crypt' will not be installed, because command 'cryptsetup' could not be found!
Jun 30 12:42:52 localhost dracut: dracut module 'dmraid' will not be installed, because command 'dmraid' could not be found!
Jun 30 12:42:52 localhost dracut: dracut module 'mdraid' will not be installed, because command 'mdadm' could not be found!
Jun 30 12:42:52 localhost dracut: dracut module 'multipath' will not be installed, because command 'multipath' could not be found!
Jun 30 12:42:52 localhost dracut: dracut module 'cifs' will not be installed, because command 'mount.cifs' could not be found!
Jun 30 12:42:52 localhost dracut: dracut module 'fcoe' will not be installed, because command 'dcbtool' could not be found!
Jun 30 12:42:52 localhost dracut: dracut module 'fcoe' will not be installed, because command 'fipvlan' could not be found!
Jun 30 12:42:52 localhost dracut: dracut module 'fcoe' will not be installed, because command 'lldpad' could not be found!
Jun 30 12:42:52 localhost dracut: dracut module 'fcoe' will not be installed, because command 'fcoemon' could not be found!
Jun 30 12:42:52 localhost dracut: dracut module 'fcoe' will not be installed, because command 'fcoeadm' could not be found!
Jun 30 12:42:52 localhost dracut: dracut module 'iscsi' will not be installed, because command 'iscsistart' could not be found!
Jun 30 12:42:52 localhost dracut: dracut module 'iscsi' will not be installed, because command 'iscsi-iname' could not be found!
Jun 30 12:42:52 localhost dracut: dracut module 'nbd' will not be installed, because command 'nbd-client' could not be found!
Jun 30 12:42:52 localhost dracut: 95nfs: Could not find any command of 'rpcbind portmap'!
Jun 30 12:42:52 localhost dracut: dracut module 'resume' will not be installed, because it's in the list to be omitted!
Jun 30 12:42:52 localhost dracut: dracut module 'modsign' will not be installed, because command 'keyctl' could not be found!
Jun 30 12:42:52 localhost dracut: dracut module 'busybox' will not be installed, because command 'busybox' could not be found!
Jun 30 12:42:52 localhost dracut: dracut module 'crypt' will not be installed, because command 'cryptsetup' could not be found!
Jun 30 12:42:52 localhost dracut: dracut module 'dmraid' will not be installed, because command 'dmraid' could not be found!
Jun 30 12:42:52 localhost dracut: dracut module 'mdraid' will not be installed, because command 'mdadm' could not be found!
Jun 30 12:42:52 localhost dracut: dracut module 'multipath' will not be installed, because command 'multipath' could not be found!
Jun 30 12:42:52 localhost dracut: dracut module 'cifs' will not be installed, because command 'mount.cifs' could not be found!
Jun 30 12:42:52 localhost dracut: dracut module 'fcoe' will not be installed, because command 'dcbtool' could not be found!
Jun 30 12:42:52 localhost dracut: dracut module 'fcoe' will not be installed, because command 'fipvlan' could not be found!
Jun 30 12:42:52 localhost dracut: dracut module 'fcoe' will not be installed, because command 'lldpad' could not be found!
Jun 30 12:42:52 localhost dracut: dracut module 'fcoe' will not be installed, because command 'fcoemon' could not be found!
Jun 30 12:42:52 localhost dracut: dracut module 'fcoe' will not be installed, because command 'fcoeadm' could not be found!
Jun 30 12:42:52 localhost dracut: dracut module 'iscsi' will not be installed, because command 'iscsistart' could not be found!
Jun 30 12:42:52 localhost dracut: dracut module 'iscsi' will not be installed, because command 'iscsi-iname' could not be found!
Jun 30 12:42:52 localhost dracut: dracut module 'nbd' will not be installed, because command 'nbd-client' could not be found!
Jun 30 12:42:52 localhost dracut: 95nfs: Could not find any command of 'rpcbind portmap'!
Jun 30 12:42:52 localhost dracut: *** Including module: bash ***
Jun 30 12:42:52 localhost dracut: *** Including module: nss-softokn ***
Jun 30 12:42:52 localhost dracut: *** Including module: i18n ***
Jun 30 12:42:52 localhost dracut: *** Including module: network ***
Jun 30 12:42:52 localhost dracut: *** Including module: drm ***
Jun 30 12:42:53 localhost dracut: *** Including module: dm ***
Jun 30 12:42:53 localhost dracut: Skipping udev rule: 64-device-mapper.rules
Jun 30 12:42:53 localhost dracut: Skipping udev rule: 60-persistent-storage-dm.rules
Jun 30 12:42:53 localhost dracut: Skipping udev rule: 55-dm.rules
Jun 30 12:42:53 localhost dracut: *** Including module: kernel-modules ***
Jun 30 12:42:55 localhost dracut: *** Including module: lvm ***
Jun 30 12:42:55 localhost dracut: Skipping udev rule: 64-device-mapper.rules
Jun 30 12:42:55 localhost dracut: Skipping udev rule: 56-lvm.rules
Jun 30 12:42:55 localhost dracut: Skipping udev rule: 60-persistent-storage-lvm.rules
Jun 30 12:42:55 localhost dracut: *** Including module: qemu ***
Jun 30 12:42:55 localhost dracut: *** Including module: qemu-net ***
Jun 30 12:42:55 localhost dracut: *** Including module: rootfs-block ***
Jun 30 12:42:55 localhost dracut: *** Including module: terminfo ***
Jun 30 12:42:55 localhost dracut: *** Including module: udev-rules ***
Jun 30 12:42:55 localhost dracut: Skipping udev rule: 91-permissions.rules
Jun 30 12:42:55 localhost dracut: *** Including module: biosdevname ***
Jun 30 12:42:55 localhost dracut: *** Including module: systemd ***
Jun 30 12:42:55 localhost dracut: *** Including module: usrmount ***
Jun 30 12:42:55 localhost dracut: *** Including module: base ***
Jun 30 12:42:55 localhost dracut: *** Including module: fs-lib ***
Jun 30 12:42:55 localhost dracut: *** Including module: kdumpbase ***
Jun 30 12:42:56 localhost dracut: *** Including module: shutdown ***
Jun 30 12:42:56 localhost dracut: *** Including modules done ***
Jun 30 12:42:56 localhost dracut: *** Installing kernel module dependencies and firmware ***
Jun 30 12:42:56 localhost dracut: *** Installing kernel module dependencies and firmware done ***
Jun 30 12:42:56 localhost dracut: *** Resolving executable dependencies ***
Jun 30 12:42:56 localhost dracut: *** Resolving executable dependencies done***
Jun 30 12:42:56 localhost dracut: *** Hardlinking files ***
Jun 30 12:42:56 localhost dracut: *** Hardlinking files done ***
Jun 30 12:42:56 localhost dracut: *** Stripping files ***
Jun 30 12:42:56 localhost dracut: *** Stripping files done ***
Jun 30 12:42:56 localhost dracut: *** Generating early-microcode cpio image ***
Jun 30 12:42:56 localhost dracut: *** Constructing GenuineIntel.bin ****
Jun 30 12:42:56 localhost dracut: *** Store current command line parameters ***
Jun 30 12:42:56 localhost dracut: *** Creating image file ***
Jun 30 12:42:57 localhost systemd: Created slice user-1000.slice.
Jun 30 12:42:57 localhost systemd: Starting user-1000.slice.
Jun 30 12:42:57 localhost systemd: Started Session 1 of user packer.
Jun 30 12:42:57 localhost systemd-logind: New session 1 of user packer.
Jun 30 12:42:57 localhost systemd: Starting Session 1 of user packer.
Jun 30 12:43:07 localhost dracut: *** Creating image file done ***
Jun 30 12:43:07 localhost kdumpctl: cat: write error: Broken pipe
Jun 30 12:43:10 localhost yum[8457]: Installed: epel-release-7-9.noarch
Jun 30 12:43:11 localhost kdumpctl: No memory reserved for crash kernel.
Jun 30 12:43:11 localhost kdumpctl: Starting kdump: [FAILED]
Jun 30 12:43:11 localhost systemd: kdump.service: main process exited, code=exited, status=1/FAILURE
Jun 30 12:43:11 localhost systemd: Failed to start Crash recovery kernel arming.
Jun 30 12:43:11 localhost systemd: Startup finished in 303ms (kernel) + 753ms (initrd) + 26.827s (userspace) = 27.884s.
Jun 30 12:43:11 localhost systemd: Unit kdump.service entered failed state.
Jun 30 12:43:11 localhost systemd: kdump.service failed.
Jun 30 12:43:17 localhost yum[9551]: Installed: 1:perl-parent-0.225-244.el7.noarch
Jun 30 12:43:17 localhost yum[9551]: Installed: perl-HTTP-Tiny-0.033-3.el7.noarch
Jun 30 12:43:17 localhost yum[9551]: Installed: perl-podlators-2.5.1-3.el7.noarch
Jun 30 12:43:17 localhost yum[9551]: Installed: perl-Pod-Perldoc-3.20-4.el7.noarch
Jun 30 12:43:17 localhost yum[9551]: Installed: 1:perl-Pod-Escapes-1.04-291.el7.noarch
Jun 30 12:43:18 localhost yum[9551]: Installed: perl-Encode-2.51-7.el7.x86_64
Jun 30 12:43:18 localhost yum[9551]: Installed: perl-Text-ParseWords-3.29-4.el7.noarch
Jun 30 12:43:18 localhost yum[9551]: Installed: perl-Pod-Usage-1.63-3.el7.noarch
Jun 30 12:43:18 localhost yum[9551]: Installed: perl-Storable-2.45-3.el7.x86_64
Jun 30 12:43:18 localhost yum[9551]: Installed: perl-Exporter-5.68-3.el7.noarch
Jun 30 12:43:18 localhost yum[9551]: Installed: perl-constant-1.27-2.el7.noarch
Jun 30 12:43:18 localhost yum[9551]: Installed: perl-Time-Local-1.2300-2.el7.noarch
Jun 30 12:43:18 localhost yum[9551]: Installed: perl-Socket-2.010-4.el7.x86_64
Jun 30 12:43:18 localhost yum[9551]: Installed: perl-Carp-1.26-244.el7.noarch
Jun 30 12:43:18 localhost yum[9551]: Installed: 4:perl-Time-HiRes-1.9725-3.el7.x86_64
Jun 30 12:43:18 localhost yum[9551]: Installed: perl-PathTools-3.40-5.el7.x86_64
Jun 30 12:43:18 localhost yum[9551]: Installed: perl-Scalar-List-Utils-1.27-248.el7.x86_64
Jun 30 12:43:19 localhost yum[9551]: Installed: 4:perl-libs-5.16.3-291.el7.x86_64
Jun 30 12:43:19 localhost yum[9551]: Installed: 4:perl-macros-5.16.3-291.el7.x86_64
Jun 30 12:43:19 localhost yum[9551]: Installed: 1:perl-Pod-Simple-3.28-4.el7.noarch
Jun 30 12:43:19 localhost yum[9551]: Installed: perl-File-Temp-0.23.01-3.el7.noarch
Jun 30 12:43:19 localhost yum[9551]: Installed: perl-File-Path-2.09-2.el7.noarch
Jun 30 12:43:19 localhost yum[9551]: Installed: perl-threads-shared-1.43-6.el7.x86_64
Jun 30 12:43:19 localhost yum[9551]: Installed: perl-threads-1.87-4.el7.x86_64
Jun 30 12:43:19 localhost yum[9551]: Installed: perl-Filter-1.49-3.el7.x86_64
Jun 30 12:43:19 localhost yum[9551]: Installed: perl-Getopt-Long-2.40-2.el7.noarch
Jun 30 12:43:20 localhost yum[9551]: Installed: 4:perl-5.16.3-291.el7.x86_64
Jun 30 12:43:20 localhost yum[9551]: Installed: 2:vim-filesystem-7.4.160-1.el7_3.1.x86_64
Jun 30 12:43:21 localhost yum[9551]: Installed: 2:vim-common-7.4.160-1.el7_3.1.x86_64
Jun 30 12:43:21 localhost yum[9551]: Installed: gpm-libs-1.20.7-5.el7.x86_64
Jun 30 12:43:22 localhost yum[9551]: Installed: 2:vim-enhanced-7.4.160-1.el7_3.1.x86_64
Jun 30 12:43:22 localhost systemd: Reloading.
Jun 30 12:43:22 localhost systemd: Configuration file /usr/lib/systemd/system/auditd.service is marked world-inaccessible. This has no effect as configuration data is accessible via APIs without restrictions. Proceeding anyway.
Jun 30 12:43:22 localhost systemd: Configuration file /usr/lib/systemd/system/wpa_supplicant.service is marked executable. Please remove executable permission bits. Proceeding anyway.
Jun 30 12:43:22 localhost yum[9551]: Installed: net-tools-2.0-0.17.20131004git.el7.x86_64
Jun 30 12:43:30 localhost systemd: Reloading.
Jun 30 12:43:30 localhost systemd: Configuration file /usr/lib/systemd/system/auditd.service is marked world-inaccessible. This has no effect as configuration data is accessible via APIs without restrictions. Proceeding anyway.
Jun 30 12:43:30 localhost systemd: Configuration file /usr/lib/systemd/system/wpa_supplicant.service is marked executable. Please remove executable permission bits. Proceeding anyway.
Jun 30 12:43:30 localhost yum[9971]: Installed: 10:qemu-guest-agent-2.5.0-3.el7.x86_64
Jun 30 12:43:31 localhost systemd: Stopping Authorization Manager...
Jun 30 12:43:31 localhost systemd: Stopped target Network is Online.
Jun 30 12:43:31 localhost systemd: Stopping Network is Online.
Jun 30 12:43:31 localhost systemd: Stopped target Multi-User System.
Jun 30 12:43:31 localhost systemd: Stopping Multi-User System.
Jun 30 12:43:31 localhost systemd: Stopped target Login Prompts.
Jun 30 12:43:31 localhost systemd: Stopping Login Prompts.
Jun 30 12:43:31 localhost systemd: Stopping Command Scheduler...
Jun 30 12:43:31 localhost rsyslogd: [origin software="rsyslogd" swVersion="7.4.7" x-pid="555" x-info="http://www.rsyslog.com"] exiting on signal 15.
Sep  7 12:26:44 localhost rsyslogd: [origin software="rsyslogd" swVersion="7.4.7" x-pid="554" x-info="http://www.rsyslog.com"] start
Sep  7 12:26:42 localhost journal: Runtime journal is using 8.0M (max allowed 91.9M, trying to leave 137.9M free of 911.8M available → current limit 91.9M).
Sep  7 12:26:42 localhost kernel: Initializing cgroup subsys cpuset
Sep  7 12:26:42 localhost kernel: Initializing cgroup subsys cpu
Sep  7 12:26:42 localhost kernel: Initializing cgroup subsys cpuacct
Sep  7 12:26:42 localhost kernel: Linux version 3.10.0-327.el7.x86_64 (builder@kbuilder.dev.centos.org) (gcc version 4.8.3 20140911 (Red Hat 4.8.3-9) (GCC) ) #1 SMP Thu Nov 19 22:10:57 UTC 2015
Sep  7 12:26:42 localhost kernel: Command line: BOOT_IMAGE=/vmlinuz-3.10.0-327.el7.x86_64 root=/dev/mapper/vg00-lv_root ro crashkernel=auto rd.lvm.lv=vg00/lv_root rhgb quiet LANG=en_US.UTF-8
Sep  7 12:26:42 localhost kernel: e820: BIOS-provided physical RAM map:
Sep  7 12:26:42 localhost kernel: BIOS-e820: [mem 0x0000000000000000-0x000000000009fbff] usable
Sep  7 12:26:42 localhost kernel: BIOS-e820: [mem 0x000000000009fc00-0x000000000009ffff] reserved
Sep  7 12:26:42 localhost kernel: BIOS-e820: [mem 0x00000000000f0000-0x00000000000fffff] reserved
Sep  7 12:26:42 localhost kernel: BIOS-e820: [mem 0x0000000000100000-0x000000007ffdbfff] usable
Sep  7 12:26:42 localhost kernel: BIOS-e820: [mem 0x000000007ffdc000-0x000000007fffffff] reserved
Sep  7 12:26:42 localhost kernel: BIOS-e820: [mem 0x00000000feffc000-0x00000000feffffff] reserved
Sep  7 12:26:42 localhost kernel: BIOS-e820: [mem 0x00000000fffc0000-0x00000000ffffffff] reserved
Sep  7 12:26:42 localhost kernel: NX (Execute Disable) protection: active
Sep  7 12:26:42 localhost kernel: SMBIOS 2.8 present.
Sep  7 12:26:42 localhost kernel: Hypervisor detected: KVM
Sep  7 12:26:42 localhost kernel: AGP: No AGP bridge found
Sep  7 12:26:42 localhost kernel: e820: last_pfn = 0x7ffdc max_arch_pfn = 0x400000000
Sep  7 12:26:42 localhost kernel: PAT not supported by CPU.
Sep  7 12:26:42 localhost kernel: found SMP MP-table at [mem 0x000f73b0-0x000f73bf] mapped at [ffff8800000f73b0]
Sep  7 12:26:42 localhost kernel: init_memory_mapping: [mem 0x00000000-0x000fffff]
Sep  7 12:26:42 localhost kernel: init_memory_mapping: [mem 0x7fc00000-0x7fdfffff]
Sep  7 12:26:42 localhost kernel: init_memory_mapping: [mem 0x7c000000-0x7fbfffff]
Sep  7 12:26:42 localhost kernel: init_memory_mapping: [mem 0x00100000-0x7bffffff]
Sep  7 12:26:42 localhost kernel: init_memory_mapping: [mem 0x7fe00000-0x7ffdbfff]
Sep  7 12:26:42 localhost kernel: RAMDISK: [mem 0x35b4b000-0x36d9dfff]
Sep  7 12:26:42 localhost kernel: ACPI: RSDP 00000000000f7130 00014 (v00 BOCHS )
Sep  7 12:26:42 localhost kernel: ACPI: RSDT 000000007ffe1875 0002C (v01 BOCHS  BXPCRSDT 00000001 BXPC 00000001)
Sep  7 12:26:42 localhost kernel: ACPI: FACP 000000007ffe1781 00074 (v01 BOCHS  BXPCFACP 00000001 BXPC 00000001)
Sep  7 12:26:42 localhost kernel: ACPI: DSDT 000000007ffe0040 01741 (v01 BOCHS  BXPCDSDT 00000001 BXPC 00000001)
Sep  7 12:26:42 localhost kernel: ACPI: FACS 000000007ffe0000 00040
Sep  7 12:26:42 localhost kernel: ACPI: APIC 000000007ffe17f5 00080 (v01 BOCHS  BXPCAPIC 00000001 BXPC 00000001)
Sep  7 12:26:42 localhost kernel: No NUMA configuration found
Sep  7 12:26:42 localhost kernel: Faking a node at [mem 0x0000000000000000-0x000000007ffdbfff]
Sep  7 12:26:42 localhost kernel: Initmem setup node 0 [mem 0x00000000-0x7ffdbfff]
Sep  7 12:26:42 localhost kernel:  NODE_DATA [mem 0x7ffb5000-0x7ffdbfff]
Sep  7 12:26:42 localhost kernel: Reserving 161MB of memory at 688MB for crashkernel (System RAM: 2047MB)
Sep  7 12:26:42 localhost kernel: kvm-clock: Using msrs 4b564d01 and 4b564d00
Sep  7 12:26:42 localhost kernel: kvm-clock: cpu 0, msr 0:7ff65001, primary cpu clock
Sep  7 12:26:42 localhost kernel: kvm-clock: using sched offset of 6162180612 cycles
Sep  7 12:26:42 localhost kernel: Zone ranges:
Sep  7 12:26:42 localhost kernel:  DMA      [mem 0x00001000-0x00ffffff]
Sep  7 12:26:42 localhost kernel:  DMA32    [mem 0x01000000-0xffffffff]
Sep  7 12:26:42 localhost kernel:  Normal   empty
Sep  7 12:26:42 localhost kernel: Movable zone start for each node
Sep  7 12:26:42 localhost kernel: Early memory node ranges
Sep  7 12:26:42 localhost kernel:  node   0: [mem 0x00001000-0x0009efff]
Sep  7 12:26:42 localhost kernel:  node   0: [mem 0x00100000-0x7ffdbfff]
Sep  7 12:26:42 localhost kernel: ACPI: PM-Timer IO Port: 0x608
Sep  7 12:26:42 localhost kernel: ACPI: LAPIC (acpi_id[0x00] lapic_id[0x00] enabled)
Sep  7 12:26:42 localhost kernel: ACPI: LAPIC (acpi_id[0x01] lapic_id[0x01] enabled)
Sep  7 12:26:42 localhost kernel: ACPI: LAPIC_NMI (acpi_id[0xff] dfl dfl lint[0x1])
Sep  7 12:26:42 localhost kernel: ACPI: IOAPIC (id[0x00] address[0xfec00000] gsi_base[0])
Sep  7 12:26:42 localhost kernel: IOAPIC[0]: apic_id 0, version 17, address 0xfec00000, GSI 0-23
Sep  7 12:26:42 localhost kernel: ACPI: INT_SRC_OVR (bus 0 bus_irq 0 global_irq 2 dfl dfl)
Sep  7 12:26:42 localhost kernel: ACPI: INT_SRC_OVR (bus 0 bus_irq 5 global_irq 5 high level)
Sep  7 12:26:42 localhost kernel: ACPI: INT_SRC_OVR (bus 0 bus_irq 9 global_irq 9 high level)
Sep  7 12:26:42 localhost kernel: ACPI: INT_SRC_OVR (bus 0 bus_irq 10 global_irq 10 high level)
Sep  7 12:26:42 localhost kernel: ACPI: INT_SRC_OVR (bus 0 bus_irq 11 global_irq 11 high level)
Sep  7 12:26:42 localhost kernel: Using ACPI (MADT) for SMP configuration information
Sep  7 12:26:42 localhost kernel: smpboot: Allowing 2 CPUs, 0 hotplug CPUs
Sep  7 12:26:42 localhost kernel: PM: Registered nosave memory: [mem 0x0009f000-0x0009ffff]
Sep  7 12:26:42 localhost kernel: PM: Registered nosave memory: [mem 0x000a0000-0x000effff]
Sep  7 12:26:42 localhost kernel: PM: Registered nosave memory: [mem 0x000f0000-0x000fffff]
Sep  7 12:26:42 localhost kernel: e820: [mem 0x80000000-0xfeffbfff] available for PCI devices
Sep  7 12:26:42 localhost kernel: Booting paravirtualized kernel on KVM
Sep  7 12:26:42 localhost kernel: setup_percpu: NR_CPUS:5120 nr_cpumask_bits:2 nr_cpu_ids:2 nr_node_ids:1
Sep  7 12:26:42 localhost kernel: PERCPU: Embedded 31 pages/cpu @ffff88007fc00000 s87168 r8192 d31616 u1048576
Sep  7 12:26:42 localhost kernel: KVM setup async PF for cpu 0
Sep  7 12:26:42 localhost kernel: kvm-stealtime: cpu 0, msr 7fc0d240
Sep  7 12:26:42 localhost kernel: Built 1 zonelists in Node order, mobility grouping on.  Total pages: 515941
Sep  7 12:26:42 localhost kernel: Policy zone: DMA32
Sep  7 12:26:42 localhost kernel: Kernel command line: BOOT_IMAGE=/vmlinuz-3.10.0-327.el7.x86_64 root=/dev/mapper/vg00-lv_root ro crashkernel=auto rd.lvm.lv=vg00/lv_root rhgb quiet LANG=en_US.UTF-8
Sep  7 12:26:42 localhost kernel: PID hash table entries: 4096 (order: 3, 32768 bytes)
Sep  7 12:26:42 localhost kernel: AGP: Checking aperture...
Sep  7 12:26:42 localhost kernel: AGP: No AGP bridge found
Sep  7 12:26:42 localhost kernel: Memory: 1863572k/2097008k available (6440k kernel code, 392k absent, 233044k reserved, 4266k data, 1620k init)
Sep  7 12:26:42 localhost kernel: SLUB: HWalign=64, Order=0-3, MinObjects=0, CPUs=2, Nodes=1
Sep  7 12:26:42 localhost kernel: Hierarchical RCU implementation.
Sep  7 12:26:42 localhost kernel: #011RCU restricting CPUs from NR_CPUS=5120 to nr_cpu_ids=2.
Sep  7 12:26:42 localhost kernel: #011Offload RCU callbacks from all CPUs
Sep  7 12:26:42 localhost kernel: #011Offload RCU callbacks from CPUs: 0-1.
Sep  7 12:26:42 localhost kernel: NR_IRQS:327936 nr_irqs:440 0
Sep  7 12:26:42 localhost kernel: Console: colour VGA+ 80x25
Sep  7 12:26:42 localhost kernel: console [tty0] enabled
Sep  7 12:26:42 localhost kernel: allocated 8388608 bytes of page_cgroup
Sep  7 12:26:42 localhost kernel: please try 'cgroup_disable=memory' option if you don't want memory cgroups
Sep  7 12:26:42 localhost kernel: tsc: Detected 2197.454 MHz processor
Sep  7 12:26:42 localhost kernel: Calibrating delay loop (skipped) preset value.. 4394.90 BogoMIPS (lpj=2197454)
Sep  7 12:26:42 localhost kernel: pid_max: default: 32768 minimum: 301
Sep  7 12:26:42 localhost kernel: Security Framework initialized
Sep  7 12:26:42 localhost kernel: SELinux:  Initializing.
Sep  7 12:26:42 localhost kernel: Dentry cache hash table entries: 262144 (order: 9, 2097152 bytes)
Sep  7 12:26:42 localhost kernel: Inode-cache hash table entries: 131072 (order: 8, 1048576 bytes)
Sep  7 12:26:42 localhost kernel: Mount-cache hash table entries: 4096
Sep  7 12:26:42 localhost kernel: Initializing cgroup subsys memory
Sep  7 12:26:42 localhost kernel: Initializing cgroup subsys devices
Sep  7 12:26:42 localhost kernel: Initializing cgroup subsys freezer
Sep  7 12:26:42 localhost kernel: Initializing cgroup subsys net_cls
Sep  7 12:26:42 localhost kernel: Initializing cgroup subsys blkio
Sep  7 12:26:42 localhost kernel: Initializing cgroup subsys perf_event
Sep  7 12:26:42 localhost kernel: Initializing cgroup subsys hugetlb
Sep  7 12:26:42 localhost kernel: mce: CPU supports 10 MCE banks
Sep  7 12:26:42 localhost kernel: Last level iTLB entries: 4KB 0, 2MB 0, 4MB 0#012Last level dTLB entries: 4KB 0, 2MB 0, 4MB 0#012tlb_flushall_shift: 6
Sep  7 12:26:42 localhost kernel: Freeing SMP alternatives: 28k freed
Sep  7 12:26:42 localhost kernel: ACPI: Core revision 20130517
Sep  7 12:26:42 localhost kernel: ACPI: All ACPI Tables successfully acquired
Sep  7 12:26:42 localhost kernel: ftrace: allocating 24585 entries in 97 pages
Sep  7 12:26:42 localhost kernel: Enabling x2apic
Sep  7 12:26:42 localhost kernel: Enabled x2apic
Sep  7 12:26:42 localhost kernel: Switched APIC routing to physical x2apic.
Sep  7 12:26:42 localhost kernel: ..TIMER: vector=0x30 apic1=0 pin1=2 apic2=-1 pin2=-1
Sep  7 12:26:42 localhost kernel: smpboot: CPU0: Intel QEMU Virtual CPU version 2.5+ (fam: 06, model: 0d, stepping: 03)
Sep  7 12:26:42 localhost kernel: Performance Events: Broken PMU hardware detected, using software events only.
Sep  7 12:26:42 localhost kernel: Failed to access perfctr msr (MSR c2 is 0)
Sep  7 12:26:42 localhost kernel: KVM setup paravirtual spinlock
Sep  7 12:26:42 localhost kernel: NMI watchdog: disabled (cpu0): hardware events not enabled
Sep  7 12:26:42 localhost kernel: smpboot: Booting Node   0, Processors  #1 OK
Sep  7 12:26:42 localhost kernel: kvm-clock: cpu 1, msr 0:7ff65041, secondary cpu clock
Sep  7 12:26:42 localhost kernel: Brought up 2 CPUs
Sep  7 12:26:42 localhost kernel: smpboot: Total of 2 processors activated (8789.81 BogoMIPS)
Sep  7 12:26:42 localhost kernel: KVM setup async PF for cpu 1
Sep  7 12:26:42 localhost kernel: kvm-stealtime: cpu 1, msr 7fd0d240
Sep  7 12:26:42 localhost kernel: devtmpfs: initialized
Sep  7 12:26:42 localhost kernel: EVM: security.selinux
Sep  7 12:26:42 localhost kernel: EVM: security.ima
Sep  7 12:26:42 localhost kernel: EVM: security.capability
Sep  7 12:26:42 localhost kernel: atomic64 test passed for x86-64 platform with CX8 and with SSE
Sep  7 12:26:42 localhost kernel: NET: Registered protocol family 16
Sep  7 12:26:42 localhost kernel: ACPI: bus type PCI registered
Sep  7 12:26:42 localhost kernel: acpiphp: ACPI Hot Plug PCI Controller Driver version: 0.5
Sep  7 12:26:42 localhost kernel: PCI: Using configuration type 1 for base access
Sep  7 12:26:42 localhost kernel: ACPI: Added _OSI(Module Device)
Sep  7 12:26:42 localhost kernel: ACPI: Added _OSI(Processor Device)
Sep  7 12:26:42 localhost kernel: ACPI: Added _OSI(3.0 _SCP Extensions)
Sep  7 12:26:42 localhost kernel: ACPI: Added _OSI(Processor Aggregator Device)
Sep  7 12:26:42 localhost kernel: ACPI: Interpreter enabled
Sep  7 12:26:42 localhost kernel: ACPI Exception: AE_NOT_FOUND, While evaluating Sleep State [\_S1_] (20130517/hwxface-571)
Sep  7 12:26:42 localhost kernel: ACPI Exception: AE_NOT_FOUND, While evaluating Sleep State [\_S2_] (20130517/hwxface-571)
Sep  7 12:26:42 localhost kernel: ACPI Exception: AE_NOT_FOUND, While evaluating Sleep State [\_S3_] (20130517/hwxface-571)
Sep  7 12:26:42 localhost kernel: ACPI Exception: AE_NOT_FOUND, While evaluating Sleep State [\_S4_] (20130517/hwxface-571)
Sep  7 12:26:42 localhost kernel: ACPI: (supports S0 S5)
Sep  7 12:26:42 localhost kernel: ACPI: Using IOAPIC for interrupt routing
Sep  7 12:26:42 localhost kernel: PCI: Using host bridge windows from ACPI; if necessary, use "pci=nocrs" and report a bug
Sep  7 12:26:42 localhost kernel: ACPI: PCI Root Bridge [PCI0] (domain 0000 [bus 00-ff])
Sep  7 12:26:42 localhost kernel: acpi PNP0A03:00: _OSC: OS supports [ASPM ClockPM Segments MSI]
Sep  7 12:26:42 localhost kernel: acpi PNP0A03:00: _OSC failed (AE_NOT_FOUND); disabling ASPM
Sep  7 12:26:42 localhost kernel: acpi PNP0A03:00: fail to add MMCONFIG information, can't access extended PCI configuration space under this bridge.
Sep  7 12:26:42 localhost kernel: acpiphp: Slot [3] registered
Sep  7 12:26:42 localhost kernel: acpiphp: Slot [4] registered
Sep  7 12:26:42 localhost kernel: acpiphp: Slot [5] registered
Sep  7 12:26:42 localhost kernel: acpiphp: Slot [6] registered
Sep  7 12:26:42 localhost kernel: acpiphp: Slot [7] registered
Sep  7 12:26:42 localhost kernel: acpiphp: Slot [8] registered
Sep  7 12:26:42 localhost kernel: acpiphp: Slot [9] registered
Sep  7 12:26:42 localhost kernel: acpiphp: Slot [10] registered
Sep  7 12:26:42 localhost kernel: acpiphp: Slot [11] registered
Sep  7 12:26:42 localhost kernel: acpiphp: Slot [12] registered
Sep  7 12:26:42 localhost kernel: acpiphp: Slot [13] registered
Sep  7 12:26:42 localhost kernel: acpiphp: Slot [14] registered
Sep  7 12:26:42 localhost kernel: acpiphp: Slot [15] registered
Sep  7 12:26:42 localhost kernel: acpiphp: Slot [16] registered
Sep  7 12:26:42 localhost kernel: acpiphp: Slot [17] registered
Sep  7 12:26:42 localhost kernel: acpiphp: Slot [18] registered
Sep  7 12:26:42 localhost kernel: acpiphp: Slot [19] registered
Sep  7 12:26:42 localhost kernel: acpiphp: Slot [20] registered
Sep  7 12:26:42 localhost kernel: acpiphp: Slot [21] registered
Sep  7 12:26:42 localhost kernel: acpiphp: Slot [22] registered
Sep  7 12:26:42 localhost kernel: acpiphp: Slot [23] registered
Sep  7 12:26:42 localhost kernel: acpiphp: Slot [24] registered
Sep  7 12:26:42 localhost kernel: acpiphp: Slot [25] registered
Sep  7 12:26:42 localhost kernel: acpiphp: Slot [26] registered
Sep  7 12:26:42 localhost kernel: acpiphp: Slot [27] registered
Sep  7 12:26:42 localhost kernel: acpiphp: Slot [28] registered
Sep  7 12:26:42 localhost kernel: acpiphp: Slot [29] registered
Sep  7 12:26:42 localhost kernel: acpiphp: Slot [30] registered
Sep  7 12:26:42 localhost kernel: acpiphp: Slot [31] registered
Sep  7 12:26:42 localhost kernel: PCI host bridge to bus 0000:00
Sep  7 12:26:42 localhost kernel: pci_bus 0000:00: root bus resource [bus 00-ff]
Sep  7 12:26:42 localhost kernel: pci_bus 0000:00: root bus resource [io  0x0000-0x0cf7]
Sep  7 12:26:42 localhost kernel: pci_bus 0000:00: root bus resource [io  0x0d00-0xffff]
Sep  7 12:26:42 localhost kernel: pci_bus 0000:00: root bus resource [mem 0x000a0000-0x000bffff]
Sep  7 12:26:42 localhost kernel: pci_bus 0000:00: root bus resource [mem 0x80000000-0xfebfffff]
Sep  7 12:26:42 localhost kernel: pci 0000:00:01.1: legacy IDE quirk: reg 0x10: [io  0x01f0-0x01f7]
Sep  7 12:26:42 localhost kernel: pci 0000:00:01.1: legacy IDE quirk: reg 0x14: [io  0x03f6]
Sep  7 12:26:42 localhost kernel: pci 0000:00:01.1: legacy IDE quirk: reg 0x18: [io  0x0170-0x0177]
Sep  7 12:26:42 localhost kernel: pci 0000:00:01.1: legacy IDE quirk: reg 0x1c: [io  0x0376]
Sep  7 12:26:42 localhost kernel: pci 0000:00:01.3: quirk: [io  0x0600-0x063f] claimed by PIIX4 ACPI
Sep  7 12:26:42 localhost kernel: pci 0000:00:01.3: quirk: [io  0x0700-0x070f] claimed by PIIX4 SMB
Sep  7 12:26:42 localhost kernel: ACPI: PCI Interrupt Link [LNKA] (IRQs 5 *10 11)
Sep  7 12:26:42 localhost kernel: ACPI: PCI Interrupt Link [LNKB] (IRQs 5 *10 11)
Sep  7 12:26:42 localhost kernel: ACPI: PCI Interrupt Link [LNKC] (IRQs 5 10 *11)
Sep  7 12:26:42 localhost kernel: ACPI: PCI Interrupt Link [LNKD] (IRQs 5 10 *11)
Sep  7 12:26:42 localhost kernel: ACPI: PCI Interrupt Link [LNKS] (IRQs *9)
Sep  7 12:26:42 localhost kernel: ACPI: Enabled 3 GPEs in block 00 to 0F
Sep  7 12:26:42 localhost kernel: vgaarb: device added: PCI:0000:00:02.0,decodes=io+mem,owns=io+mem,locks=none
Sep  7 12:26:42 localhost kernel: vgaarb: loaded
Sep  7 12:26:42 localhost kernel: vgaarb: bridge control possible 0000:00:02.0
Sep  7 12:26:42 localhost kernel: SCSI subsystem initialized
Sep  7 12:26:42 localhost kernel: ACPI: bus type USB registered
Sep  7 12:26:42 localhost kernel: usbcore: registered new interface driver usbfs
Sep  7 12:26:42 localhost kernel: usbcore: registered new interface driver hub
Sep  7 12:26:42 localhost kernel: usbcore: registered new device driver usb
Sep  7 12:26:42 localhost kernel: PCI: Using ACPI for IRQ routing
Sep  7 12:26:42 localhost kernel: NetLabel: Initializing
Sep  7 12:26:42 localhost kernel: NetLabel:  domain hash size = 128
Sep  7 12:26:42 localhost kernel: NetLabel:  protocols = UNLABELED CIPSOv4
Sep  7 12:26:42 localhost kernel: NetLabel:  unlabeled traffic allowed by default
Sep  7 12:26:42 localhost kernel: Switching to clocksource kvm-clock
Sep  7 12:26:42 localhost kernel: pnp: PnP ACPI init
Sep  7 12:26:42 localhost kernel: ACPI: bus type PNP registered
Sep  7 12:26:42 localhost kernel: pnp: PnP ACPI: found 4 devices
Sep  7 12:26:42 localhost kernel: ACPI: bus type PNP unregistered
Sep  7 12:26:42 localhost kernel: NET: Registered protocol family 2
Sep  7 12:26:42 localhost kernel: TCP established hash table entries: 16384 (order: 5, 131072 bytes)
Sep  7 12:26:42 localhost kernel: TCP bind hash table entries: 16384 (order: 6, 262144 bytes)
Sep  7 12:26:42 localhost kernel: TCP: Hash tables configured (established 16384 bind 16384)
Sep  7 12:26:42 localhost kernel: TCP: reno registered
Sep  7 12:26:42 localhost kernel: UDP hash table entries: 1024 (order: 3, 32768 bytes)
Sep  7 12:26:42 localhost kernel: UDP-Lite hash table entries: 1024 (order: 3, 32768 bytes)
Sep  7 12:26:42 localhost kernel: NET: Registered protocol family 1
Sep  7 12:26:42 localhost kernel: pci 0000:00:00.0: Limiting direct PCI/PCI transfers
Sep  7 12:26:42 localhost kernel: pci 0000:00:01.0: PIIX3: Enabling Passive Release
Sep  7 12:26:42 localhost kernel: pci 0000:00:01.0: Activating ISA DMA hang workarounds
Sep  7 12:26:42 localhost kernel: ACPI: PCI Interrupt Link [LNKD] enabled at IRQ 11
Sep  7 12:26:42 localhost kernel: Unpacking initramfs...
Sep  7 12:26:42 localhost kernel: Freeing initrd memory: 18764k freed
Sep  7 12:26:42 localhost kernel: microcode: CPU0 sig=0x6d3, pf=0x1, revision=0x1
Sep  7 12:26:42 localhost kernel: microcode: CPU1 sig=0x6d3, pf=0x1, revision=0x1
Sep  7 12:26:42 localhost kernel: microcode: Microcode Update Driver: v2.00 <tigran@aivazian.fsnet.co.uk>, Peter Oruba
Sep  7 12:26:42 localhost kernel: sha1_ssse3: Neither AVX nor AVX2 nor SSSE3 is available/usable.
Sep  7 12:26:42 localhost kernel: sha256_ssse3: Neither AVX nor SSSE3 is available/usable.
Sep  7 12:26:42 localhost kernel: futex hash table entries: 512 (order: 3, 32768 bytes)
Sep  7 12:26:42 localhost kernel: Initialise system trusted keyring
Sep  7 12:26:42 localhost kernel: audit: initializing netlink socket (disabled)
Sep  7 12:26:42 localhost kernel: type=2000 audit(1504780002.449:1): initialized
Sep  7 12:26:42 localhost kernel: HugeTLB registered 2 MB page size, pre-allocated 0 pages
Sep  7 12:26:42 localhost kernel: zpool: loaded
Sep  7 12:26:42 localhost kernel: zbud: loaded
Sep  7 12:26:42 localhost kernel: VFS: Disk quotas dquot_6.5.2
Sep  7 12:26:42 localhost kernel: Dquot-cache hash table entries: 512 (order 0, 4096 bytes)
Sep  7 12:26:42 localhost kernel: msgmni has been set to 3676
Sep  7 12:26:42 localhost kernel: Key type big_key registered
Sep  7 12:26:42 localhost kernel: NET: Registered protocol family 38
Sep  7 12:26:42 localhost kernel: Key type asymmetric registered
Sep  7 12:26:42 localhost kernel: Asymmetric key parser 'x509' registered
Sep  7 12:26:42 localhost kernel: Block layer SCSI generic (bsg) driver version 0.4 loaded (major 251)
Sep  7 12:26:42 localhost kernel: io scheduler noop registered
Sep  7 12:26:42 localhost kernel: io scheduler deadline registered (default)
Sep  7 12:26:42 localhost kernel: io scheduler cfq registered
Sep  7 12:26:42 localhost kernel: pci_hotplug: PCI Hot Plug PCI Core version: 0.5
Sep  7 12:26:42 localhost kernel: pciehp: PCI Express Hot Plug Controller Driver version: 0.4
Sep  7 12:26:42 localhost kernel: input: Power Button as /devices/LNXSYSTM:00/LNXPWRBN:00/input/input0
Sep  7 12:26:42 localhost kernel: ACPI: Power Button [PWRF]
Sep  7 12:26:42 localhost kernel: GHES: HEST is not enabled!
Sep  7 12:26:42 localhost kernel: Serial: 8250/16550 driver, 4 ports, IRQ sharing enabled
Sep  7 12:26:42 localhost kernel: Non-volatile memory driver v1.3
Sep  7 12:26:42 localhost kernel: Linux agpgart interface v0.103
Sep  7 12:26:42 localhost kernel: crash memory driver: version 1.1
Sep  7 12:26:42 localhost kernel: rdac: device handler registered
Sep  7 12:26:42 localhost kernel: hp_sw: device handler registered
Sep  7 12:26:42 localhost kernel: emc: device handler registered
Sep  7 12:26:42 localhost kernel: alua: device handler registered
Sep  7 12:26:42 localhost kernel: libphy: Fixed MDIO Bus: probed
Sep  7 12:26:42 localhost kernel: ehci_hcd: USB 2.0 'Enhanced' Host Controller (EHCI) Driver
Sep  7 12:26:42 localhost kernel: ehci-pci: EHCI PCI platform driver
Sep  7 12:26:42 localhost kernel: ohci_hcd: USB 1.1 'Open' Host Controller (OHCI) Driver
Sep  7 12:26:42 localhost kernel: ohci-pci: OHCI PCI platform driver
Sep  7 12:26:42 localhost kernel: uhci_hcd: USB Universal Host Controller Interface driver
Sep  7 12:26:42 localhost kernel: uhci_hcd 0000:00:01.2: UHCI Host Controller
Sep  7 12:26:42 localhost kernel: uhci_hcd 0000:00:01.2: new USB bus registered, assigned bus number 1
Sep  7 12:26:42 localhost kernel: uhci_hcd 0000:00:01.2: detected 2 ports
Sep  7 12:26:42 localhost kernel: uhci_hcd 0000:00:01.2: irq 11, io base 0x0000c040
Sep  7 12:26:42 localhost kernel: usb usb1: New USB device found, idVendor=1d6b, idProduct=0001
Sep  7 12:26:42 localhost kernel: usb usb1: New USB device strings: Mfr=3, Product=2, SerialNumber=1
Sep  7 12:26:42 localhost kernel: usb usb1: Product: UHCI Host Controller
Sep  7 12:26:42 localhost kernel: usb usb1: Manufacturer: Linux 3.10.0-327.el7.x86_64 uhci_hcd
Sep  7 12:26:42 localhost kernel: usb usb1: SerialNumber: 0000:00:01.2
Sep  7 12:26:42 localhost kernel: hub 1-0:1.0: USB hub found
Sep  7 12:26:42 localhost kernel: hub 1-0:1.0: 2 ports detected
Sep  7 12:26:42 localhost kernel: usbcore: registered new interface driver usbserial
Sep  7 12:26:42 localhost kernel: usbcore: registered new interface driver usbserial_generic
Sep  7 12:26:42 localhost kernel: usbserial: USB Serial support registered for generic
Sep  7 12:26:42 localhost kernel: i8042: PNP: PS/2 Controller [PNP0303:KBD,PNP0f13:MOU] at 0x60,0x64 irq 1,12
Sep  7 12:26:42 localhost kernel: serio: i8042 KBD port at 0x60,0x64 irq 1
Sep  7 12:26:42 localhost kernel: serio: i8042 AUX port at 0x60,0x64 irq 12
Sep  7 12:26:42 localhost kernel: mousedev: PS/2 mouse device common for all mice
Sep  7 12:26:42 localhost kernel: input: AT Translated Set 2 keyboard as /devices/platform/i8042/serio0/input/input1
Sep  7 12:26:42 localhost kernel: rtc_cmos 00:00: RTC can wake from S4
Sep  7 12:26:42 localhost kernel: rtc_cmos 00:00: rtc core: registered rtc_cmos as rtc0
Sep  7 12:26:42 localhost kernel: rtc_cmos 00:00: alarms up to one day, y3k, 114 bytes nvram
Sep  7 12:26:42 localhost kernel: cpuidle: using governor menu
Sep  7 12:26:42 localhost kernel: hidraw: raw HID events driver (C) Jiri Kosina
Sep  7 12:26:42 localhost kernel: usbcore: registered new interface driver usbhid
Sep  7 12:26:42 localhost kernel: usbhid: USB HID core driver
Sep  7 12:26:42 localhost kernel: drop_monitor: Initializing network drop monitor service
Sep  7 12:26:42 localhost kernel: TCP: cubic registered
Sep  7 12:26:42 localhost kernel: Initializing XFRM netlink socket
Sep  7 12:26:42 localhost kernel: NET: Registered protocol family 10
Sep  7 12:26:42 localhost kernel: NET: Registered protocol family 17
Sep  7 12:26:42 localhost kernel: Loading compiled-in X.509 certificates
Sep  7 12:26:42 localhost kernel: Loaded X.509 cert 'CentOS Linux kpatch signing key: ea0413152cde1d98ebdca3fe6f0230904c9ef717'
Sep  7 12:26:42 localhost kernel: Loaded X.509 cert 'CentOS Linux Driver update signing key: 7f421ee0ab69461574bb358861dbe77762a4201b'
Sep  7 12:26:42 localhost kernel: Loaded X.509 cert 'CentOS Linux kernel signing key: 79ad886a113ca0223526336c0f825b8a94296ab3'
Sep  7 12:26:42 localhost kernel: registered taskstats version 1
Sep  7 12:26:42 localhost kernel: Key type trusted registered
Sep  7 12:26:42 localhost kernel: Key type encrypted registered
Sep  7 12:26:42 localhost kernel: IMA: No TPM chip found, activating TPM-bypass!
Sep  7 12:26:42 localhost kernel: rtc_cmos 00:00: setting system clock to 2017-09-07 10:26:42 UTC (1504780002)
Sep  7 12:26:42 localhost kernel: Freeing unused kernel memory: 1620k freed
Sep  7 12:26:42 localhost systemd[1]: systemd 219 running in system mode. (+PAM +AUDIT +SELINUX +IMA -APPARMOR +SMACK +SYSVINIT +UTMP +LIBCRYPTSETUP +GCRYPT +GNUTLS +ACL +XZ -LZ4 -SECCOMP +BLKID +ELFUTILS +KMOD +IDN)
Sep  7 12:26:42 localhost systemd[1]: Detected virtualization kvm.
Sep  7 12:26:42 localhost systemd[1]: Detected architecture x86-64.
Sep  7 12:26:42 localhost systemd[1]: Running in initial RAM disk.
Sep  7 12:26:42 localhost systemd[1]: Set hostname to <localhost.localdomain>.
Sep  7 12:26:42 localhost systemd[1]: Reached target Swap.
Sep  7 12:26:42 localhost systemd[1]: Starting Swap.
Sep  7 12:26:42 localhost systemd[1]: Reached target Local File Systems.
Sep  7 12:26:42 localhost systemd[1]: Starting Local File Systems.
Sep  7 12:26:42 localhost systemd[1]: Reached target Timers.
Sep  7 12:26:42 localhost systemd[1]: Starting Timers.
Sep  7 12:26:42 localhost systemd[1]: Created slice -.slice.
Sep  7 12:26:42 localhost systemd[1]: Starting -.slice.
Sep  7 12:26:42 localhost systemd[1]: Listening on udev Kernel Socket.
Sep  7 12:26:42 localhost systemd[1]: Starting udev Kernel Socket.
Sep  7 12:26:42 localhost systemd[1]: Listening on udev Control Socket.
Sep  7 12:26:42 localhost systemd[1]: Starting udev Control Socket.
Sep  7 12:26:42 localhost systemd[1]: Listening on Journal Socket.
Sep  7 12:26:42 localhost systemd[1]: Starting Journal Socket.
Sep  7 12:26:42 localhost systemd[1]: Reached target Sockets.
Sep  7 12:26:42 localhost systemd[1]: Starting Sockets.
Sep  7 12:26:42 localhost systemd[1]: Created slice System Slice.
Sep  7 12:26:42 localhost systemd[1]: Starting System Slice.
Sep  7 12:26:42 localhost systemd[1]: Started dracut ask for additional cmdline parameters.
Sep  7 12:26:42 localhost systemd[1]: Starting Setup Virtual Console...
Sep  7 12:26:42 localhost systemd[1]: Starting Create list of required static device nodes for the current kernel...
Sep  7 12:26:42 localhost systemd[1]: Starting Journal Service...
Sep  7 12:26:42 localhost systemd[1]: Started Load Kernel Modules.
Sep  7 12:26:42 localhost systemd[1]: Starting Apply Kernel Variables...
